0 verbose cli /opt/homebrew/Cellar/node/24.8.0/bin/node /opt/homebrew/bin/npm
1 info using npm@11.6.0
2 info using node@v24.8.0
3 silly config load:file:/opt/homebrew/lib/node_modules/npm/npmrc
4 silly config load:file:/Users/gabrielle/workspace/vehndr-app/vehndr/.npmrc
5 silly config load:file:/Users/gabrielle/.npmrc
6 silly config load:file:/opt/homebrew/etc/npmrc
7 verbose title npm install
8 verbose argv "install" "--cache" ".npm-cache"
9 verbose logfile logs-max:10 dir:/Users/gabrielle/workspace/vehndr-app/vehndr/.npm-cache/_logs/2026-01-26T02_19_21_278Z-
10 verbose logfile /Users/gabrielle/workspace/vehndr-app/vehndr/.npm-cache/_logs/2026-01-26T02_19_21_278Z-debug-0.log
11 silly logfile done cleaning log files
12 silly packumentCache heap:2348810240 maxSize:587202560 maxEntrySize:293601280
13 silly idealTree buildDeps
14 verbose shrinkwrap failed to load node_modules/.package-lock.json out of date, updated: node_modules
15 silly reify mark retired [
15 silly reify   '/Users/gabrielle/workspace/vehndr-app/vehndr/node_modules/victory-vendor'
15 silly reify ]
16 silly reify moves {
16 silly reify   '/Users/gabrielle/workspace/vehndr-app/vehndr/node_modules/victory-vendor': '/Users/gabrielle/workspace/vehndr-app/vehndr/node_modules/.victory-vendor-0f9isiqz'
16 silly reify }
17 verbose reify failed optional dependency /Users/gabrielle/workspace/vehndr-app/vehndr/node_modules/@tailwindcss/oxide-wasm32-wasi
18 silly reify mark deleted [
18 silly reify   '/Users/gabrielle/workspace/vehndr-app/vehndr/node_modules/@tailwindcss/oxide-wasm32-wasi'
18 silly reify ]
19 silly audit bulk request {
19 silly audit   '@alloc/quick-lru': [ '5.2.0' ],
19 silly audit   '@emnapi/core': [ '1.5.0' ],
19 silly audit   '@emnapi/runtime': [ '1.5.0' ],
19 silly audit   '@emnapi/wasi-threads': [ '1.1.0' ],
19 silly audit   '@eslint-community/eslint-utils': [ '4.9.0' ],
19 silly audit   'eslint-visitor-keys': [ '3.4.3', '4.2.1' ],
19 silly audit   '@eslint-community/regexpp': [ '4.12.1' ],
19 silly audit   '@eslint/config-array': [ '0.21.1' ],
19 silly audit   '@eslint/config-helpers': [ '0.4.1' ],
19 silly audit   '@eslint/core': [ '0.16.0' ],
19 silly audit   '@eslint/eslintrc': [ '3.3.1' ],
19 silly audit   '@eslint/js': [ '9.38.0' ],
19 silly audit   '@eslint/object-schema': [ '2.1.7' ],
19 silly audit   '@eslint/plugin-kit': [ '0.4.0' ],
19 silly audit   '@humanfs/core': [ '0.19.1' ],
19 silly audit   '@humanfs/node': [ '0.16.7' ],
19 silly audit   '@humanwhocodes/module-importer': [ '1.0.1' ],
19 silly audit   '@humanwhocodes/retry': [ '0.4.3' ],
19 silly audit   '@img/colour': [ '1.0.0' ],
19 silly audit   '@img/sharp-darwin-arm64': [ '0.34.4' ],
19 silly audit   '@img/sharp-darwin-x64': [ '0.34.4' ],
19 silly audit   '@img/sharp-libvips-darwin-arm64': [ '1.2.3' ],
19 silly audit   '@img/sharp-libvips-darwin-x64': [ '1.2.3' ],
19 silly audit   '@img/sharp-libvips-linux-arm': [ '1.2.3' ],
19 silly audit   '@img/sharp-libvips-linux-arm64': [ '1.2.3' ],
19 silly audit   '@img/sharp-libvips-linux-ppc64': [ '1.2.3' ],
19 silly audit   '@img/sharp-libvips-linux-s390x': [ '1.2.3' ],
19 silly audit   '@img/sharp-libvips-linux-x64': [ '1.2.3' ],
19 silly audit   '@img/sharp-libvips-linuxmusl-arm64': [ '1.2.3' ],
19 silly audit   '@img/sharp-libvips-linuxmusl-x64': [ '1.2.3' ],
19 silly audit   '@img/sharp-linux-arm': [ '0.34.4' ],
19 silly audit   '@img/sharp-linux-arm64': [ '0.34.4' ],
19 silly audit   '@img/sharp-linux-ppc64': [ '0.34.4' ],
19 silly audit   '@img/sharp-linux-s390x': [ '0.34.4' ],
19 silly audit   '@img/sharp-linux-x64': [ '0.34.4' ],
19 silly audit   '@img/sharp-linuxmusl-arm64': [ '0.34.4' ],
19 silly audit   '@img/sharp-linuxmusl-x64': [ '0.34.4' ],
19 silly audit   '@img/sharp-wasm32': [ '0.34.4' ],
19 silly audit   '@img/sharp-win32-arm64': [ '0.34.4' ],
19 silly audit   '@img/sharp-win32-ia32': [ '0.34.4' ],
19 silly audit   '@img/sharp-win32-x64': [ '0.34.4' ],
19 silly audit   '@jridgewell/gen-mapping': [ '0.3.13' ],
19 silly audit   '@jridgewell/remapping': [ '2.3.5' ],
19 silly audit   '@jridgewell/resolve-uri': [ '3.1.2' ],
19 silly audit   '@jridgewell/sourcemap-codec': [ '1.5.5' ],
19 silly audit   '@jridgewell/trace-mapping': [ '0.3.31' ],
19 silly audit   '@napi-rs/wasm-runtime': [ '0.2.12' ],
19 silly audit   '@next/env': [ '16.1.1' ],
19 silly audit   '@next/eslint-plugin-next': [ '15.5.6' ],
19 silly audit   '@next/swc-darwin-arm64': [ '16.1.1' ],
19 silly audit   '@next/swc-darwin-x64': [ '16.1.1' ],
19 silly audit   '@next/swc-linux-arm64-gnu': [ '16.1.1' ],
19 silly audit   '@next/swc-linux-arm64-musl': [ '16.1.1' ],
19 silly audit   '@next/swc-linux-x64-gnu': [ '16.1.1' ],
19 silly audit   '@next/swc-linux-x64-musl': [ '16.1.1' ],
19 silly audit   '@next/swc-win32-arm64-msvc': [ '16.1.1' ],
19 silly audit   '@next/swc-win32-x64-msvc': [ '16.1.1' ],
19 silly audit   '@nodelib/fs.scandir': [ '2.1.5' ],
19 silly audit   '@nodelib/fs.stat': [ '2.0.5' ],
19 silly audit   '@nodelib/fs.walk': [ '1.2.8' ],
19 silly audit   '@nolyfill/is-core-module': [ '1.0.39' ],
19 silly audit   '@rails/actioncable': [ '7.2.300' ],
19 silly audit   '@reduxjs/toolkit': [ '2.11.2' ],
19 silly audit   immer: [ '11.1.3', '10.2.0' ],
19 silly audit   '@rtsao/scc': [ '1.1.0' ],
19 silly audit   '@rushstack/eslint-patch': [ '1.14.0' ],
19 silly audit   '@standard-schema/spec': [ '1.1.0' ],
19 silly audit   '@standard-schema/utils': [ '0.3.0' ],
19 silly audit   '@stripe/react-stripe-js': [ '5.4.1' ],
19 silly audit   '@stripe/stripe-js': [ '8.6.0' ],
19 silly audit   '@swc/helpers': [ '0.5.15' ],
19 silly audit   '@tailwindcss/node': [ '4.1.15' ],
19 silly audit   '@tailwindcss/oxide': [ '4.1.15' ],
19 silly audit   '@tailwindcss/oxide-android-arm64': [ '4.1.15' ],
19 silly audit   '@tailwindcss/oxide-darwin-arm64': [ '4.1.15' ],
19 silly audit   '@tailwindcss/oxide-darwin-x64': [ '4.1.15' ],
19 silly audit   '@tailwindcss/oxide-freebsd-x64': [ '4.1.15' ],
19 silly audit   '@tailwindcss/oxide-linux-arm-gnueabihf': [ '4.1.15' ],
19 silly audit   '@tailwindcss/oxide-linux-arm64-gnu': [ '4.1.15' ],
19 silly audit   '@tailwindcss/oxide-linux-arm64-musl': [ '4.1.15' ],
19 silly audit   '@tailwindcss/oxide-linux-x64-gnu': [ '4.1.15' ],
19 silly audit   '@tailwindcss/oxide-linux-x64-musl': [ '4.1.15' ],
19 silly audit   '@tailwindcss/oxide-win32-arm64-msvc': [ '4.1.15' ],
19 silly audit   '@tailwindcss/oxide-win32-x64-msvc': [ '4.1.15' ],
19 silly audit   '@tailwindcss/postcss': [ '4.1.15' ],
19 silly audit   '@tybys/wasm-util': [ '0.10.1' ],
19 silly audit   '@types/d3-array': [ '3.2.2' ],
19 silly audit   '@types/d3-color': [ '3.1.3' ],
19 silly audit   '@types/d3-ease': [ '3.0.2' ],
19 silly audit   '@types/d3-interpolate': [ '3.0.4' ],
19 silly audit   '@types/d3-path': [ '3.1.1' ],
19 silly audit   '@types/d3-scale': [ '4.0.9' ],
19 silly audit   '@types/d3-shape': [ '3.1.8' ],
19 silly audit   '@types/d3-time': [ '3.0.4' ],
19 silly audit   '@types/d3-timer': [ '3.0.2' ],
19 silly audit   '@types/estree': [ '1.0.8' ],
19 silly audit   '@types/json-schema': [ '7.0.15' ],
19 silly audit   '@types/json5': [ '0.0.29' ],
19 silly audit   '@types/use-sync-external-store': [ '0.0.6' ],
19 silly audit   '@typescript-eslint/eslint-plugin': [ '8.46.2' ],
19 silly audit   ignore: [ '7.0.5', '5.3.2' ],
19 silly audit   '@typescript-eslint/parser': [ '8.46.2' ],
19 silly audit   '@typescript-eslint/project-service': [ '8.46.2' ],
19 silly audit   '@typescript-eslint/scope-manager': [ '8.46.2' ],
19 silly audit   '@typescript-eslint/tsconfig-utils': [ '8.46.2' ],
19 silly audit   '@typescript-eslint/type-utils': [ '8.46.2' ],
19 silly audit   '@typescript-eslint/types': [ '8.46.2' ],
19 silly audit   '@typescript-eslint/typescript-estree': [ '8.46.2' ],
19 silly audit   'brace-expansion': [ '2.0.2', '1.1.12' ],
19 silly audit   'fast-glob': [ '3.3.3', '3.3.1' ],
19 silly audit   'glob-parent': [ '5.1.2', '6.0.2' ],
19 silly audit   minimatch: [ '9.0.5', '3.1.2' ],
19 silly audit   '@typescript-eslint/utils': [ '8.46.2' ],
19 silly audit   '@typescript-eslint/visitor-keys': [ '8.46.2' ],
19 silly audit   '@unrs/resolver-binding-android-arm-eabi': [ '1.11.1' ],
19 silly audit   '@unrs/resolver-binding-android-arm64': [ '1.11.1' ],
19 silly audit   '@unrs/resolver-binding-darwin-arm64': [ '1.11.1' ],
19 silly audit   '@unrs/resolver-binding-darwin-x64': [ '1.11.1' ],
19 silly audit   '@unrs/resolver-binding-freebsd-x64': [ '1.11.1' ],
19 silly audit   '@unrs/resolver-binding-linux-arm-gnueabihf': [ '1.11.1' ],
19 silly audit   '@unrs/resolver-binding-linux-arm-musleabihf': [ '1.11.1' ],
19 silly audit   '@unrs/resolver-binding-linux-arm64-gnu': [ '1.11.1' ],
19 silly audit   '@unrs/resolver-binding-linux-arm64-musl': [ '1.11.1' ],
19 silly audit   '@unrs/resolver-binding-linux-ppc64-gnu': [ '1.11.1' ],
19 silly audit   '@unrs/resolver-binding-linux-riscv64-gnu': [ '1.11.1' ],
19 silly audit   '@unrs/resolver-binding-linux-riscv64-musl': [ '1.11.1' ],
19 silly audit   '@unrs/resolver-binding-linux-s390x-gnu': [ '1.11.1' ],
19 silly audit   '@unrs/resolver-binding-linux-x64-gnu': [ '1.11.1' ],
19 silly audit   '@unrs/resolver-binding-linux-x64-musl': [ '1.11.1' ],
19 silly audit   '@unrs/resolver-binding-wasm32-wasi': [ '1.11.1' ],
19 silly audit   '@unrs/resolver-binding-win32-arm64-msvc': [ '1.11.1' ],
19 silly audit   '@unrs/resolver-binding-win32-ia32-msvc': [ '1.11.1' ],
19 silly audit   '@unrs/resolver-binding-win32-x64-msvc': [ '1.11.1' ],
19 silly audit   '@vercel/analytics': [ '1.6.1' ],
19 silly audit   acorn: [ '8.15.0' ],
19 silly audit   'acorn-jsx': [ '5.3.2' ],
19 silly audit   ajv: [ '6.12.6' ],
19 silly audit   'ansi-styles': [ '4.3.0' ],
19 silly audit   argparse: [ '2.0.1' ],
19 silly audit   'aria-query': [ '5.3.2' ],
19 silly audit   'array-buffer-byte-length': [ '1.0.2' ],
19 silly audit   'array-includes': [ '3.1.9' ],
19 silly audit   'array.prototype.findlast': [ '1.2.5' ],
19 silly audit   'array.prototype.findlastindex': [ '1.2.6' ],
19 silly audit   'array.prototype.flat': [ '1.3.3' ],
19 silly audit   'array.prototype.flatmap': [ '1.3.3' ],
19 silly audit   'array.prototype.tosorted': [ '1.1.4' ],
19 silly audit   'arraybuffer.prototype.slice': [ '1.0.4' ],
19 silly audit   'ast-types-flow': [ '0.0.8' ],
19 silly audit   'async-function': [ '1.0.0' ],
19 silly audit   'available-typed-arrays': [ '1.0.7' ],
19 silly audit   'axe-core': [ '4.11.0' ],
19 silly audit   'axobject-query': [ '4.1.0' ],
19 silly audit   'balanced-match': [ '1.0.2' ],
19 silly audit   'baseline-browser-mapping': [ '2.9.10' ],
19 silly audit   braces: [ '3.0.3' ],
19 silly audit   'call-bind': [ '1.0.8' ],
19 silly audit   'call-bind-apply-helpers': [ '1.0.2' ],
19 silly audit   'call-bound': [ '1.0.4' ],
19 silly audit   callsites: [ '3.1.0' ],
19 silly audit   'caniuse-lite': [ '1.0.30001751' ],
19 silly audit   chalk: [ '4.1.2' ],
19 silly audit   'client-only': [ '0.0.1' ],
19 silly audit   clsx: [ '2.1.1' ],
19 silly audit   'color-convert': [ '2.0.1' ],
19 silly audit   'color-name': [ '1.1.4' ],
19 silly audit   'concat-map': [ '0.0.1' ],
19 silly audit   'cross-spawn': [ '7.0.6' ],
19 silly audit   'd3-array': [ '3.2.4' ],
19 silly audit   'd3-color': [ '3.1.0' ],
19 silly audit   'd3-ease': [ '3.0.1' ],
19 silly audit   'd3-format': [ '3.1.2' ],
19 silly audit   'd3-interpolate': [ '3.0.1' ],
19 silly audit   'd3-path': [ '3.1.0' ],
19 silly audit   'd3-scale': [ '4.0.2' ],
19 silly audit   'd3-shape': [ '3.2.0' ],
19 silly audit   'd3-time': [ '3.1.0' ],
19 silly audit   'd3-time-format': [ '4.1.0' ],
19 silly audit   'd3-timer': [ '3.0.1' ],
19 silly audit   'damerau-levenshtein': [ '1.0.8' ],
19 silly audit   'data-view-buffer': [ '1.0.2' ],
19 silly audit   'data-view-byte-length': [ '1.0.2' ],
19 silly audit   'data-view-byte-offset': [ '1.0.1' ],
19 silly audit   debug: [ '4.4.3', '3.2.7' ],
19 silly audit   'decimal.js-light': [ '2.5.1' ],
19 silly audit   'deep-is': [ '0.1.4' ],
19 silly audit   'define-data-property': [ '1.1.4' ],
19 silly audit   'define-properties': [ '1.2.1' ],
19 silly audit   'detect-libc': [ '2.1.2' ],
19 silly audit   doctrine: [ '2.1.0' ],
19 silly audit   'dunder-proto': [ '1.0.1' ],
19 silly audit   'emoji-regex': [ '9.2.2' ],
19 silly audit   'enhanced-resolve': [ '5.18.3' ],
19 silly audit   'es-abstract': [ '1.24.0' ],
19 silly audit   'es-define-property': [ '1.0.1' ],
19 silly audit   'es-errors': [ '1.3.0' ],
19 silly audit   'es-iterator-helpers': [ '1.2.1' ],
19 silly audit   'es-object-atoms': [ '1.1.1' ],
19 silly audit   'es-set-tostringtag': [ '2.1.0' ],
19 silly audit   'es-shim-unscopables': [ '1.1.0' ],
19 silly audit   'es-to-primitive': [ '1.3.0' ],
19 silly audit   'es-toolkit': [ '1.44.0' ],
19 silly audit   'escape-string-regexp': [ '4.0.0' ],
19 silly audit   eslint: [ '9.38.0' ],
19 silly audit   'eslint-config-next': [ '15.5.6' ],
19 silly audit   'eslint-import-resolver-node': [ '0.3.9' ],
19 silly audit   'eslint-import-resolver-typescript': [ '3.10.1' ],
19 silly audit   'eslint-module-utils': [ '2.12.1' ],
19 silly audit   'eslint-plugin-import': [ '2.32.0' ],
19 silly audit   semver: [ '6.3.1', '7.7.3' ],
19 silly audit   'eslint-plugin-jsx-a11y': [ '6.10.2' ],
19 silly audit   'eslint-plugin-react': [ '7.37.5' ],
19 silly audit   'eslint-plugin-react-hooks': [ '5.2.0' ],
19 silly audit   resolve: [ '2.0.0-next.5', '1.22.11' ],
19 silly audit   'eslint-scope': [ '8.4.0' ],
19 silly audit   espree: [ '10.4.0' ],
19 silly audit   esquery: [ '1.6.0' ],
19 silly audit   esrecurse: [ '4.3.0' ],
19 silly audit   estraverse: [ '5.3.0' ],
19 silly audit   esutils: [ '2.0.3' ],
19 silly audit   eventemitter3: [ '5.0.4' ],
19 silly audit   'fast-deep-equal': [ '3.1.3' ],
19 silly audit   'fast-json-stable-stringify': [ '2.1.0' ],
19 silly audit   'fast-levenshtein': [ '2.0.6' ],
19 silly audit   fastq: [ '1.19.1' ],
19 silly audit   'file-entry-cache': [ '8.0.0' ],
19 silly audit   'fill-range': [ '7.1.1' ],
19 silly audit   'find-up': [ '5.0.0' ],
19 silly audit   'flat-cache': [ '4.0.1' ],
19 silly audit   flatted: [ '3.3.3' ],
19 silly audit   'for-each': [ '0.3.5' ],
19 silly audit   'function-bind': [ '1.1.2' ],
19 silly audit   'function.prototype.name': [ '1.1.8' ],
19 silly audit   'functions-have-names': [ '1.2.3' ],
19 silly audit   'generator-function': [ '2.0.1' ],
19 silly audit   'get-intrinsic': [ '1.3.0' ],
19 silly audit   'get-proto': [ '1.0.1' ],
19 silly audit   'get-symbol-description': [ '1.1.0' ],
19 silly audit   'get-tsconfig': [ '4.12.0' ],
19 silly audit   globals: [ '14.0.0' ],
19 silly audit   globalthis: [ '1.0.4' ],
19 silly audit   gopd: [ '1.2.0' ],
19 silly audit   'graceful-fs': [ '4.2.11' ],
19 silly audit   graphemer: [ '1.4.0' ],
19 silly audit   'has-bigints': [ '1.1.0' ],
19 silly audit   'has-flag': [ '4.0.0' ],
19 silly audit   'has-property-descriptors': [ '1.0.2' ],
19 silly audit   'has-proto': [ '1.2.0' ],
19 silly audit   'has-symbols': [ '1.1.0' ],
19 silly audit   'has-tostringtag': [ '1.0.2' ],
19 silly audit   hasown: [ '2.0.2' ],
19 silly audit   heic2any: [ '0.0.4' ],
19 silly audit   'hoist-non-react-statics': [ '3.3.2' ],
19 silly audit   'import-fresh': [ '3.3.1' ],
19 silly audit   imurmurhash: [ '0.1.4' ],
19 silly audit   'internal-slot': [ '1.1.0' ],
19 silly audit   internmap: [ '2.0.3' ],
19 silly audit   'is-array-buffer': [ '3.0.5' ],
19 silly audit   'is-async-function': [ '2.1.1' ],
19 silly audit   'is-bigint': [ '1.1.0' ],
19 silly audit   'is-boolean-object': [ '1.2.2' ],
19 silly audit   'is-bun-module': [ '2.0.0' ],
19 silly audit   'is-callable': [ '1.2.7' ],
19 silly audit   'is-core-module': [ '2.16.1' ],
19 silly audit   'is-data-view': [ '1.0.2' ],
19 silly audit   'is-date-object': [ '1.1.0' ],
19 silly audit   'is-extglob': [ '2.1.1' ],
19 silly audit   'is-finalizationregistry': [ '1.1.1' ],
19 silly audit   'is-generator-function': [ '1.1.2' ],
19 silly audit   'is-glob': [ '4.0.3' ],
19 silly audit   'is-map': [ '2.0.3' ],
19 silly audit   'is-negative-zero': [ '2.0.3' ],
19 silly audit   'is-number': [ '7.0.0' ],
19 silly audit   'is-number-object': [ '1.1.1' ],
19 silly audit   'is-regex': [ '1.2.1' ],
19 silly audit   'is-set': [ '2.0.3' ],
19 silly audit   'is-shared-array-buffer': [ '1.0.4' ],
19 silly audit   'is-string': [ '1.1.1' ],
19 silly audit   'is-symbol': [ '1.1.1' ],
19 silly audit   'is-typed-array': [ '1.1.15' ],
19 silly audit   'is-weakmap': [ '2.0.2' ],
19 silly audit   'is-weakref': [ '1.1.1' ],
19 silly audit   'is-weakset': [ '2.0.4' ],
19 silly audit   isarray: [ '2.0.5' ],
19 silly audit   isexe: [ '2.0.0' ],
19 silly audit   'iterator.prototype': [ '1.1.5' ],
19 silly audit   jiti: [ '2.6.1' ],
19 silly audit   'js-tokens': [ '4.0.0' ],
19 silly audit   'js-yaml': [ '4.1.1' ],
19 silly audit   'json-buffer': [ '3.0.1' ],
19 silly audit   'json-schema-traverse': [ '0.4.1' ],
19 silly audit   'json-stable-stringify-without-jsonify': [ '1.0.1' ],
19 silly audit   json5: [ '1.0.2' ],
19 silly audit   'jsx-ast-utils': [ '3.3.5' ],
19 silly audit   keyv: [ '4.5.4' ],
19 silly audit   'language-subtag-registry': [ '0.3.23' ],
19 silly audit   'language-tags': [ '1.0.9' ],
19 silly audit   levn: [ '0.4.1' ],
19 silly audit   lightningcss: [ '1.30.2' ],
19 silly audit   'lightningcss-android-arm64': [ '1.30.2' ],
19 silly audit   'lightningcss-darwin-arm64': [ '1.30.2' ],
19 silly audit   'lightningcss-darwin-x64': [ '1.30.2' ],
19 silly audit   'lightningcss-freebsd-x64': [ '1.30.2' ],
19 silly audit   'lightningcss-linux-arm-gnueabihf': [ '1.30.2' ],
19 silly audit   'lightningcss-linux-arm64-gnu': [ '1.30.2' ],
19 silly audit   'lightningcss-linux-arm64-musl': [ '1.30.2' ],
19 silly audit   'lightningcss-linux-x64-gnu': [ '1.30.2' ],
19 silly audit   'lightningcss-linux-x64-musl': [ '1.30.2' ],
19 silly audit   'lightningcss-win32-arm64-msvc': [ '1.30.2' ],
19 silly audit   'lightningcss-win32-x64-msvc': [ '1.30.2' ],
19 silly audit   'locate-path': [ '6.0.0' ],
19 silly audit   'lodash.merge': [ '4.6.2' ],
19 silly audit   'loose-envify': [ '1.4.0' ],
19 silly audit   'magic-string': [ '0.30.19' ],
19 silly audit   'math-intrinsics': [ '1.1.0' ],
19 silly audit   merge2: [ '1.4.1' ],
19 silly audit   micromatch: [ '4.0.8' ],
19 silly audit   minimist: [ '1.2.8' ],
19 silly audit   ms: [ '2.1.3' ],
19 silly audit   nanoid: [ '3.3.11' ],
19 silly audit   'napi-postinstall': [ '0.3.4' ],
19 silly audit   'natural-compare': [ '1.4.0' ],
19 silly audit   next: [ '16.1.1' ],
19 silly audit   postcss: [ '8.4.31', '8.5.6' ],
19 silly audit   'object-assign': [ '4.1.1' ],
19 silly audit   'object-inspect': [ '1.13.4' ],
19 silly audit   'object-keys': [ '1.1.1' ],
19 silly audit   'object.assign': [ '4.1.7' ],
19 silly audit   'object.entries': [ '1.1.9' ],
19 silly audit   'object.fromentries': [ '2.0.8' ],
19 silly audit   'object.groupby': [ '1.0.3' ],
19 silly audit   'object.values': [ '1.2.1' ],
19 silly audit   optionator: [ '0.9.4' ],
19 silly audit   'own-keys': [ '1.0.1' ],
19 silly audit   'p-limit': [ '3.1.0' ],
19 silly audit   'p-locate': [ '5.0.0' ],
19 silly audit   'parent-module': [ '1.0.1' ],
19 silly audit   'path-exists': [ '4.0.0' ],
19 silly audit   'path-key': [ '3.1.1' ],
19 silly audit   'path-parse': [ '1.0.7' ],
19 silly audit   picocolors: [ '1.1.1' ],
19 silly audit   picomatch: [ '2.3.1', '4.0.3' ],
19 silly audit   'possible-typed-array-names': [ '1.1.0' ],
19 silly audit   'prelude-ls': [ '1.2.1' ],
19 silly audit   'prop-types': [ '15.8.1' ],
19 silly audit   punycode: [ '2.3.1' ],
19 silly audit   'queue-microtask': [ '1.2.3' ],
19 silly audit   react: [ '19.1.0' ],
19 silly audit   'react-async-script': [ '1.2.0' ],
19 silly audit   'react-dom': [ '19.1.0' ],
19 silly audit   'react-google-recaptcha': [ '3.1.0' ],
19 silly audit   'react-is': [ '16.13.1' ],
19 silly audit   'react-redux': [ '9.2.0' ],
19 silly audit   recharts: [ '3.6.0' ],
19 silly audit   redux: [ '5.0.1' ],
19 silly audit   'redux-thunk': [ '3.1.0' ],
19 silly audit   'reflect.getprototypeof': [ '1.0.10' ],
19 silly audit   'regexp.prototype.flags': [ '1.5.4' ],
19 silly audit   reselect: [ '5.1.1' ],
19 silly audit   'resolve-from': [ '4.0.0' ],
19 silly audit   'resolve-pkg-maps': [ '1.0.0' ],
19 silly audit   reusify: [ '1.1.0' ],
19 silly audit   'run-parallel': [ '1.2.0' ],
19 silly audit   'safe-array-concat': [ '1.1.3' ],
19 silly audit   'safe-push-apply': [ '1.0.0' ],
19 silly audit   'safe-regex-test': [ '1.1.0' ],
19 silly audit   scheduler: [ '0.26.0' ],
19 silly audit   'set-function-length': [ '1.2.2' ],
19 silly audit   'set-function-name': [ '2.0.2' ],
19 silly audit   'set-proto': [ '1.0.0' ],
19 silly audit   sharp: [ '0.34.4' ],
19 silly audit   'shebang-command': [ '2.0.0' ],
19 silly audit   'shebang-regex': [ '3.0.0' ],
19 silly audit   'side-channel': [ '1.1.0' ],
19 silly audit   'side-channel-list': [ '1.0.0' ],
19 silly audit   'side-channel-map': [ '1.0.1' ],
19 silly audit   'side-channel-weakmap': [ '1.0.2' ],
19 silly audit   'source-map-js': [ '1.2.1' ],
19 silly audit   'stable-hash': [ '0.0.5' ],
19 silly audit   'stop-iteration-iterator': [ '1.1.0' ],
19 silly audit   'string.prototype.includes': [ '2.0.1' ],
19 silly audit   'string.prototype.matchall': [ '4.0.12' ],
19 silly audit   'string.prototype.repeat': [ '1.0.0' ],
19 silly audit   'string.prototype.trim': [ '1.2.10' ],
19 silly audit   'string.prototype.trimend': [ '1.0.9' ],
19 silly audit   'string.prototype.trimstart': [ '1.0.8' ],
19 silly audit   'strip-bom': [ '3.0.0' ],
19 silly audit   'strip-json-comments': [ '3.1.1' ],
19 silly audit   'styled-jsx': [ '5.1.6' ],
19 silly audit   'supports-color': [ '7.2.0' ],
19 silly audit   'supports-preserve-symlinks-flag': [ '1.0.0' ],
19 silly audit   tailwindcss: [ '4.1.15' ],
19 silly audit   tapable: [ '2.3.0' ],
19 silly audit   'tiny-invariant': [ '1.3.3' ],
19 silly audit   tinyglobby: [ '0.2.15' ],
19 silly audit   fdir: [ '6.5.0' ],
19 silly audit   'to-regex-range': [ '5.0.1' ],
19 silly audit   'ts-api-utils': [ '2.1.0' ],
19 silly audit   'tsconfig-paths': [ '3.15.0' ],
19 silly audit   tslib: [ '2.8.1' ],
19 silly audit   'type-check': [ '0.4.0' ],
19 silly audit   'typed-array-buffer': [ '1.0.3' ],
19 silly audit   'typed-array-byte-length': [ '1.0.3' ],
19 silly audit   'typed-array-byte-offset': [ '1.0.4' ],
19 silly audit   'typed-array-length': [ '1.0.7' ],
19 silly audit   typescript: [ '5.9.3' ],
19 silly audit   'unbox-primitive': [ '1.1.0' ],
19 silly audit   'unrs-resolver': [ '1.11.1' ],
19 silly audit   'uri-js': [ '4.4.1' ],
19 silly audit   'use-sync-external-store': [ '1.6.0' ],
19 silly audit   'victory-vendor': [ '37.3.6' ],
19 silly audit   which: [ '2.0.2' ],
19 silly audit   'which-boxed-primitive': [ '1.1.1' ],
19 silly audit   'which-builtin-type': [ '1.2.1' ],
19 silly audit   'which-collection': [ '1.0.2' ],
19 silly audit   'which-typed-array': [ '1.1.19' ],
19 silly audit   'word-wrap': [ '1.2.5' ],
19 silly audit   'yocto-queue': [ '0.1.0' ],
19 silly audit   '@tailwindcss/oxide-wasm32-wasi': [ '4.1.15' ]
19 silly audit }
20 verbose reify failed optional dependency /Users/gabrielle/workspace/vehndr-app/vehndr/node_modules/lightningcss-win32-x64-msvc
21 silly reify mark deleted [
21 silly reify   '/Users/gabrielle/workspace/vehndr-app/vehndr/node_modules/lightningcss-win32-x64-msvc'
21 silly reify ]
22 verbose reify failed optional dependency /Users/gabrielle/workspace/vehndr-app/vehndr/node_modules/lightningcss-win32-arm64-msvc
23 silly reify mark deleted [
23 silly reify   '/Users/gabrielle/workspace/vehndr-app/vehndr/node_modules/lightningcss-win32-arm64-msvc'
23 silly reify ]
24 verbose reify failed optional dependency /Users/gabrielle/workspace/vehndr-app/vehndr/node_modules/lightningcss-linux-x64-musl
25 silly reify mark deleted [
25 silly reify   '/Users/gabrielle/workspace/vehndr-app/vehndr/node_modules/lightningcss-linux-x64-musl'
25 silly reify ]
26 verbose reify failed optional dependency /Users/gabrielle/workspace/vehndr-app/vehndr/node_modules/lightningcss-linux-x64-gnu
27 silly reify mark deleted [
27 silly reify   '/Users/gabrielle/workspace/vehndr-app/vehndr/node_modules/lightningcss-linux-x64-gnu'
27 silly reify ]
28 verbose reify failed optional dependency /Users/gabrielle/workspace/vehndr-app/vehndr/node_modules/lightningcss-linux-arm64-musl
29 silly reify mark deleted [
29 silly reify   '/Users/gabrielle/workspace/vehndr-app/vehndr/node_modules/lightningcss-linux-arm64-musl'
29 silly reify ]
30 verbose reify failed optional dependency /Users/gabrielle/workspace/vehndr-app/vehndr/node_modules/lightningcss-linux-arm64-gnu
31 silly reify mark deleted [
31 silly reify   '/Users/gabrielle/workspace/vehndr-app/vehndr/node_modules/lightningcss-linux-arm64-gnu'
31 silly reify ]
32 verbose reify failed optional dependency /Users/gabrielle/workspace/vehndr-app/vehndr/node_modules/lightningcss-linux-arm-gnueabihf
33 silly reify mark deleted [
33 silly reify   '/Users/gabrielle/workspace/vehndr-app/vehndr/node_modules/lightningcss-linux-arm-gnueabihf'
33 silly reify ]
34 verbose reify failed optional dependency /Users/gabrielle/workspace/vehndr-app/vehndr/node_modules/lightningcss-freebsd-x64
35 silly reify mark deleted [
35 silly reify   '/Users/gabrielle/workspace/vehndr-app/vehndr/node_modules/lightningcss-freebsd-x64'
35 silly reify ]
36 verbose reify failed optional dependency /Users/gabrielle/workspace/vehndr-app/vehndr/node_modules/lightningcss-darwin-x64
37 silly reify mark deleted [
37 silly reify   '/Users/gabrielle/workspace/vehndr-app/vehndr/node_modules/lightningcss-darwin-x64'
37 silly reify ]
38 verbose reify failed optional dependency /Users/gabrielle/workspace/vehndr-app/vehndr/node_modules/lightningcss-android-arm64
39 silly reify mark deleted [
39 silly reify   '/Users/gabrielle/workspace/vehndr-app/vehndr/node_modules/lightningcss-android-arm64'
39 silly reify ]
40 verbose reify failed optional dependency /Users/gabrielle/workspace/vehndr-app/vehndr/node_modules/@unrs/resolver-binding-win32-x64-msvc
41 silly reify mark deleted [
41 silly reify   '/Users/gabrielle/workspace/vehndr-app/vehndr/node_modules/@unrs/resolver-binding-win32-x64-msvc'
41 silly reify ]
42 verbose reify failed optional dependency /Users/gabrielle/workspace/vehndr-app/vehndr/node_modules/@unrs/resolver-binding-win32-ia32-msvc
43 silly reify mark deleted [
43 silly reify   '/Users/gabrielle/workspace/vehndr-app/vehndr/node_modules/@unrs/resolver-binding-win32-ia32-msvc'
43 silly reify ]
44 verbose reify failed optional dependency /Users/gabrielle/workspace/vehndr-app/vehndr/node_modules/@unrs/resolver-binding-win32-arm64-msvc
45 silly reify mark deleted [
45 silly reify   '/Users/gabrielle/workspace/vehndr-app/vehndr/node_modules/@unrs/resolver-binding-win32-arm64-msvc'
45 silly reify ]
46 verbose reify failed optional dependency /Users/gabrielle/workspace/vehndr-app/vehndr/node_modules/@unrs/resolver-binding-wasm32-wasi
47 silly reify mark deleted [
47 silly reify   '/Users/gabrielle/workspace/vehndr-app/vehndr/node_modules/@unrs/resolver-binding-wasm32-wasi'
47 silly reify ]
48 verbose reify failed optional dependency /Users/gabrielle/workspace/vehndr-app/vehndr/node_modules/@unrs/resolver-binding-linux-x64-musl
49 silly reify mark deleted [
49 silly reify   '/Users/gabrielle/workspace/vehndr-app/vehndr/node_modules/@unrs/resolver-binding-linux-x64-musl'
49 silly reify ]
50 verbose reify failed optional dependency /Users/gabrielle/workspace/vehndr-app/vehndr/node_modules/@unrs/resolver-binding-linux-x64-gnu
51 silly reify mark deleted [
51 silly reify   '/Users/gabrielle/workspace/vehndr-app/vehndr/node_modules/@unrs/resolver-binding-linux-x64-gnu'
51 silly reify ]
52 verbose reify failed optional dependency /Users/gabrielle/workspace/vehndr-app/vehndr/node_modules/@unrs/resolver-binding-linux-s390x-gnu
53 silly reify mark deleted [
53 silly reify   '/Users/gabrielle/workspace/vehndr-app/vehndr/node_modules/@unrs/resolver-binding-linux-s390x-gnu'
53 silly reify ]
54 verbose reify failed optional dependency /Users/gabrielle/workspace/vehndr-app/vehndr/node_modules/@unrs/resolver-binding-linux-riscv64-musl
55 silly reify mark deleted [
55 silly reify   '/Users/gabrielle/workspace/vehndr-app/vehndr/node_modules/@unrs/resolver-binding-linux-riscv64-musl'
55 silly reify ]
56 verbose reify failed optional dependency /Users/gabrielle/workspace/vehndr-app/vehndr/node_modules/@unrs/resolver-binding-linux-riscv64-gnu
57 silly reify mark deleted [
57 silly reify   '/Users/gabrielle/workspace/vehndr-app/vehndr/node_modules/@unrs/resolver-binding-linux-riscv64-gnu'
57 silly reify ]
58 verbose reify failed optional dependency /Users/gabrielle/workspace/vehndr-app/vehndr/node_modules/@unrs/resolver-binding-linux-ppc64-gnu
59 silly reify mark deleted [
59 silly reify   '/Users/gabrielle/workspace/vehndr-app/vehndr/node_modules/@unrs/resolver-binding-linux-ppc64-gnu'
59 silly reify ]
60 verbose reify failed optional dependency /Users/gabrielle/workspace/vehndr-app/vehndr/node_modules/@unrs/resolver-binding-linux-arm64-musl
61 silly reify mark deleted [
61 silly reify   '/Users/gabrielle/workspace/vehndr-app/vehndr/node_modules/@unrs/resolver-binding-linux-arm64-musl'
61 silly reify ]
62 verbose reify failed optional dependency /Users/gabrielle/workspace/vehndr-app/vehndr/node_modules/@unrs/resolver-binding-linux-arm64-gnu
63 silly reify mark deleted [
63 silly reify   '/Users/gabrielle/workspace/vehndr-app/vehndr/node_modules/@unrs/resolver-binding-linux-arm64-gnu'
63 silly reify ]
64 verbose reify failed optional dependency /Users/gabrielle/workspace/vehndr-app/vehndr/node_modules/@unrs/resolver-binding-linux-arm-musleabihf
65 silly reify mark deleted [
65 silly reify   '/Users/gabrielle/workspace/vehndr-app/vehndr/node_modules/@unrs/resolver-binding-linux-arm-musleabihf'
65 silly reify ]
66 verbose reify failed optional dependency /Users/gabrielle/workspace/vehndr-app/vehndr/node_modules/@unrs/resolver-binding-linux-arm-gnueabihf
67 silly reify mark deleted [
67 silly reify   '/Users/gabrielle/workspace/vehndr-app/vehndr/node_modules/@unrs/resolver-binding-linux-arm-gnueabihf'
67 silly reify ]
68 verbose reify failed optional dependency /Users/gabrielle/workspace/vehndr-app/vehndr/node_modules/@unrs/resolver-binding-freebsd-x64
69 silly reify mark deleted [
69 silly reify   '/Users/gabrielle/workspace/vehndr-app/vehndr/node_modules/@unrs/resolver-binding-freebsd-x64'
69 silly reify ]
70 verbose reify failed optional dependency /Users/gabrielle/workspace/vehndr-app/vehndr/node_modules/@unrs/resolver-binding-darwin-x64
71 silly reify mark deleted [
71 silly reify   '/Users/gabrielle/workspace/vehndr-app/vehndr/node_modules/@unrs/resolver-binding-darwin-x64'
71 silly reify ]
72 verbose reify failed optional dependency /Users/gabrielle/workspace/vehndr-app/vehndr/node_modules/@unrs/resolver-binding-android-arm64
73 silly reify mark deleted [
73 silly reify   '/Users/gabrielle/workspace/vehndr-app/vehndr/node_modules/@unrs/resolver-binding-android-arm64'
73 silly reify ]
74 verbose reify failed optional dependency /Users/gabrielle/workspace/vehndr-app/vehndr/node_modules/@unrs/resolver-binding-android-arm-eabi
75 silly reify mark deleted [
75 silly reify   '/Users/gabrielle/workspace/vehndr-app/vehndr/node_modules/@unrs/resolver-binding-android-arm-eabi'
75 silly reify ]
76 verbose reify failed optional dependency /Users/gabrielle/workspace/vehndr-app/vehndr/node_modules/@tailwindcss/oxide-win32-x64-msvc
77 silly reify mark deleted [
77 silly reify   '/Users/gabrielle/workspace/vehndr-app/vehndr/node_modules/@tailwindcss/oxide-win32-x64-msvc'
77 silly reify ]
78 verbose reify failed optional dependency /Users/gabrielle/workspace/vehndr-app/vehndr/node_modules/@tailwindcss/oxide-win32-arm64-msvc
79 silly reify mark deleted [
79 silly reify   '/Users/gabrielle/workspace/vehndr-app/vehndr/node_modules/@tailwindcss/oxide-win32-arm64-msvc'
79 silly reify ]
80 verbose reify failed optional dependency /Users/gabrielle/workspace/vehndr-app/vehndr/node_modules/@tailwindcss/oxide-linux-x64-musl
81 silly reify mark deleted [
81 silly reify   '/Users/gabrielle/workspace/vehndr-app/vehndr/node_modules/@tailwindcss/oxide-linux-x64-musl'
81 silly reify ]
82 verbose reify failed optional dependency /Users/gabrielle/workspace/vehndr-app/vehndr/node_modules/@tailwindcss/oxide-linux-x64-gnu
83 silly reify mark deleted [
83 silly reify   '/Users/gabrielle/workspace/vehndr-app/vehndr/node_modules/@tailwindcss/oxide-linux-x64-gnu'
83 silly reify ]
84 verbose reify failed optional dependency /Users/gabrielle/workspace/vehndr-app/vehndr/node_modules/@tailwindcss/oxide-linux-arm64-musl
85 silly reify mark deleted [
85 silly reify   '/Users/gabrielle/workspace/vehndr-app/vehndr/node_modules/@tailwindcss/oxide-linux-arm64-musl'
85 silly reify ]
86 verbose reify failed optional dependency /Users/gabrielle/workspace/vehndr-app/vehndr/node_modules/@tailwindcss/oxide-linux-arm64-gnu
87 silly reify mark deleted [
87 silly reify   '/Users/gabrielle/workspace/vehndr-app/vehndr/node_modules/@tailwindcss/oxide-linux-arm64-gnu'
87 silly reify ]
88 verbose reify failed optional dependency /Users/gabrielle/workspace/vehndr-app/vehndr/node_modules/@tailwindcss/oxide-linux-arm-gnueabihf
89 silly reify mark deleted [
89 silly reify   '/Users/gabrielle/workspace/vehndr-app/vehndr/node_modules/@tailwindcss/oxide-linux-arm-gnueabihf'
89 silly reify ]
90 verbose reify failed optional dependency /Users/gabrielle/workspace/vehndr-app/vehndr/node_modules/@tailwindcss/oxide-freebsd-x64
91 silly reify mark deleted [
91 silly reify   '/Users/gabrielle/workspace/vehndr-app/vehndr/node_modules/@tailwindcss/oxide-freebsd-x64'
91 silly reify ]
92 verbose reify failed optional dependency /Users/gabrielle/workspace/vehndr-app/vehndr/node_modules/@tailwindcss/oxide-darwin-x64
93 silly reify mark deleted [
93 silly reify   '/Users/gabrielle/workspace/vehndr-app/vehndr/node_modules/@tailwindcss/oxide-darwin-x64'
93 silly reify ]
94 verbose reify failed optional dependency /Users/gabrielle/workspace/vehndr-app/vehndr/node_modules/@tailwindcss/oxide-android-arm64
95 silly reify mark deleted [
95 silly reify   '/Users/gabrielle/workspace/vehndr-app/vehndr/node_modules/@tailwindcss/oxide-android-arm64'
95 silly reify ]
96 verbose reify failed optional dependency /Users/gabrielle/workspace/vehndr-app/vehndr/node_modules/@next/swc-win32-x64-msvc
97 silly reify mark deleted [
97 silly reify   '/Users/gabrielle/workspace/vehndr-app/vehndr/node_modules/@next/swc-win32-x64-msvc'
97 silly reify ]
98 verbose reify failed optional dependency /Users/gabrielle/workspace/vehndr-app/vehndr/node_modules/@next/swc-win32-arm64-msvc
99 silly reify mark deleted [
99 silly reify   '/Users/gabrielle/workspace/vehndr-app/vehndr/node_modules/@next/swc-win32-arm64-msvc'
99 silly reify ]
100 verbose reify failed optional dependency /Users/gabrielle/workspace/vehndr-app/vehndr/node_modules/@next/swc-linux-x64-musl
101 silly reify mark deleted [
101 silly reify   '/Users/gabrielle/workspace/vehndr-app/vehndr/node_modules/@next/swc-linux-x64-musl'
101 silly reify ]
102 verbose reify failed optional dependency /Users/gabrielle/workspace/vehndr-app/vehndr/node_modules/@next/swc-linux-x64-gnu
103 silly reify mark deleted [
103 silly reify   '/Users/gabrielle/workspace/vehndr-app/vehndr/node_modules/@next/swc-linux-x64-gnu'
103 silly reify ]
104 verbose reify failed optional dependency /Users/gabrielle/workspace/vehndr-app/vehndr/node_modules/@next/swc-linux-arm64-musl
105 silly reify mark deleted [
105 silly reify   '/Users/gabrielle/workspace/vehndr-app/vehndr/node_modules/@next/swc-linux-arm64-musl'
105 silly reify ]
106 verbose reify failed optional dependency /Users/gabrielle/workspace/vehndr-app/vehndr/node_modules/@next/swc-linux-arm64-gnu
107 silly reify mark deleted [
107 silly reify   '/Users/gabrielle/workspace/vehndr-app/vehndr/node_modules/@next/swc-linux-arm64-gnu'
107 silly reify ]
108 verbose reify failed optional dependency /Users/gabrielle/workspace/vehndr-app/vehndr/node_modules/@next/swc-darwin-x64
109 silly reify mark deleted [
109 silly reify   '/Users/gabrielle/workspace/vehndr-app/vehndr/node_modules/@next/swc-darwin-x64'
109 silly reify ]
110 verbose reify failed optional dependency /Users/gabrielle/workspace/vehndr-app/vehndr/node_modules/@img/sharp-win32-x64
111 silly reify mark deleted [
111 silly reify   '/Users/gabrielle/workspace/vehndr-app/vehndr/node_modules/@img/sharp-win32-x64'
111 silly reify ]
112 verbose reify failed optional dependency /Users/gabrielle/workspace/vehndr-app/vehndr/node_modules/@img/sharp-win32-ia32
113 silly reify mark deleted [
113 silly reify   '/Users/gabrielle/workspace/vehndr-app/vehndr/node_modules/@img/sharp-win32-ia32'
113 silly reify ]
114 verbose reify failed optional dependency /Users/gabrielle/workspace/vehndr-app/vehndr/node_modules/@img/sharp-win32-arm64
115 silly reify mark deleted [
115 silly reify   '/Users/gabrielle/workspace/vehndr-app/vehndr/node_modules/@img/sharp-win32-arm64'
115 silly reify ]
116 verbose reify failed optional dependency /Users/gabrielle/workspace/vehndr-app/vehndr/node_modules/@img/sharp-wasm32
117 silly reify mark deleted [
117 silly reify   '/Users/gabrielle/workspace/vehndr-app/vehndr/node_modules/@img/sharp-wasm32'
117 silly reify ]
118 verbose reify failed optional dependency /Users/gabrielle/workspace/vehndr-app/vehndr/node_modules/@img/sharp-linuxmusl-x64
119 silly reify mark deleted [
119 silly reify   '/Users/gabrielle/workspace/vehndr-app/vehndr/node_modules/@img/sharp-linuxmusl-x64'
119 silly reify ]
120 verbose reify failed optional dependency /Users/gabrielle/workspace/vehndr-app/vehndr/node_modules/@img/sharp-linuxmusl-arm64
121 silly reify mark deleted [
121 silly reify   '/Users/gabrielle/workspace/vehndr-app/vehndr/node_modules/@img/sharp-linuxmusl-arm64'
121 silly reify ]
122 verbose reify failed optional dependency /Users/gabrielle/workspace/vehndr-app/vehndr/node_modules/@img/sharp-linux-x64
123 silly reify mark deleted [
123 silly reify   '/Users/gabrielle/workspace/vehndr-app/vehndr/node_modules/@img/sharp-linux-x64'
123 silly reify ]
124 verbose reify failed optional dependency /Users/gabrielle/workspace/vehndr-app/vehndr/node_modules/@img/sharp-linux-s390x
125 silly reify mark deleted [
125 silly reify   '/Users/gabrielle/workspace/vehndr-app/vehndr/node_modules/@img/sharp-linux-s390x'
125 silly reify ]
126 verbose reify failed optional dependency /Users/gabrielle/workspace/vehndr-app/vehndr/node_modules/@img/sharp-linux-ppc64
127 silly reify mark deleted [
127 silly reify   '/Users/gabrielle/workspace/vehndr-app/vehndr/node_modules/@img/sharp-linux-ppc64'
127 silly reify ]
128 verbose reify failed optional dependency /Users/gabrielle/workspace/vehndr-app/vehndr/node_modules/@img/sharp-linux-arm64
129 silly reify mark deleted [
129 silly reify   '/Users/gabrielle/workspace/vehndr-app/vehndr/node_modules/@img/sharp-linux-arm64'
129 silly reify ]
130 verbose reify failed optional dependency /Users/gabrielle/workspace/vehndr-app/vehndr/node_modules/@img/sharp-linux-arm
131 silly reify mark deleted [
131 silly reify   '/Users/gabrielle/workspace/vehndr-app/vehndr/node_modules/@img/sharp-linux-arm'
131 silly reify ]
132 verbose reify failed optional dependency /Users/gabrielle/workspace/vehndr-app/vehndr/node_modules/@img/sharp-libvips-linuxmusl-x64
133 silly reify mark deleted [
133 silly reify   '/Users/gabrielle/workspace/vehndr-app/vehndr/node_modules/@img/sharp-libvips-linuxmusl-x64'
133 silly reify ]
134 verbose reify failed optional dependency /Users/gabrielle/workspace/vehndr-app/vehndr/node_modules/@img/sharp-libvips-linuxmusl-arm64
135 silly reify mark deleted [
135 silly reify   '/Users/gabrielle/workspace/vehndr-app/vehndr/node_modules/@img/sharp-libvips-linuxmusl-arm64'
135 silly reify ]
136 verbose reify failed optional dependency /Users/gabrielle/workspace/vehndr-app/vehndr/node_modules/@img/sharp-libvips-linux-x64
137 silly reify mark deleted [
137 silly reify   '/Users/gabrielle/workspace/vehndr-app/vehndr/node_modules/@img/sharp-libvips-linux-x64'
137 silly reify ]
138 verbose reify failed optional dependency /Users/gabrielle/workspace/vehndr-app/vehndr/node_modules/@img/sharp-libvips-linux-s390x
139 silly reify mark deleted [
139 silly reify   '/Users/gabrielle/workspace/vehndr-app/vehndr/node_modules/@img/sharp-libvips-linux-s390x'
139 silly reify ]
140 verbose reify failed optional dependency /Users/gabrielle/workspace/vehndr-app/vehndr/node_modules/@img/sharp-libvips-linux-ppc64
141 silly reify mark deleted [
141 silly reify   '/Users/gabrielle/workspace/vehndr-app/vehndr/node_modules/@img/sharp-libvips-linux-ppc64'
141 silly reify ]
142 verbose reify failed optional dependency /Users/gabrielle/workspace/vehndr-app/vehndr/node_modules/@img/sharp-libvips-linux-arm64
143 silly reify mark deleted [
143 silly reify   '/Users/gabrielle/workspace/vehndr-app/vehndr/node_modules/@img/sharp-libvips-linux-arm64'
143 silly reify ]
144 verbose reify failed optional dependency /Users/gabrielle/workspace/vehndr-app/vehndr/node_modules/@img/sharp-libvips-linux-arm
145 silly reify mark deleted [
145 silly reify   '/Users/gabrielle/workspace/vehndr-app/vehndr/node_modules/@img/sharp-libvips-linux-arm'
145 silly reify ]
146 verbose reify failed optional dependency /Users/gabrielle/workspace/vehndr-app/vehndr/node_modules/@img/sharp-libvips-darwin-x64
147 silly reify mark deleted [
147 silly reify   '/Users/gabrielle/workspace/vehndr-app/vehndr/node_modules/@img/sharp-libvips-darwin-x64'
147 silly reify ]
148 verbose reify failed optional dependency /Users/gabrielle/workspace/vehndr-app/vehndr/node_modules/@img/sharp-darwin-x64
149 silly reify mark deleted [
149 silly reify   '/Users/gabrielle/workspace/vehndr-app/vehndr/node_modules/@img/sharp-darwin-x64'
149 silly reify ]
150 http cache use-sync-external-store@https://registry.npmjs.org/use-sync-external-store/-/use-sync-external-store-1.6.0.tgz 1ms (cache hit)
151 http cache tiny-invariant@https://registry.npmjs.org/tiny-invariant/-/tiny-invariant-1.3.3.tgz 0ms (cache hit)
152 http cache reselect@https://registry.npmjs.org/reselect/-/reselect-5.1.1.tgz 0ms (cache hit)
153 http cache redux-thunk@https://registry.npmjs.org/redux-thunk/-/redux-thunk-3.1.0.tgz 0ms (cache hit)
154 http cache redux@https://registry.npmjs.org/redux/-/redux-5.0.1.tgz 0ms (cache hit)
155 http cache recharts@https://registry.npmjs.org/recharts/-/recharts-3.6.0.tgz 0ms (cache hit)
156 http cache internmap@https://registry.npmjs.org/internmap/-/internmap-2.0.3.tgz 0ms (cache hit)
157 http cache eventemitter3@https://registry.npmjs.org/eventemitter3/-/eventemitter3-5.0.4.tgz 0ms (cache hit)
158 http cache es-toolkit@https://registry.npmjs.org/es-toolkit/-/es-toolkit-1.44.0.tgz 0ms (cache hit)
159 http cache decimal.js-light@https://registry.npmjs.org/decimal.js-light/-/decimal.js-light-2.5.1.tgz 0ms (cache hit)
160 http cache react-redux@https://registry.npmjs.org/react-redux/-/react-redux-9.2.0.tgz 0ms (cache hit)
161 http cache d3-timer@https://registry.npmjs.org/d3-timer/-/d3-timer-3.0.1.tgz 0ms (cache hit)
162 http cache d3-time@https://registry.npmjs.org/d3-time/-/d3-time-3.1.0.tgz 0ms (cache hit)
163 http cache d3-shape@https://registry.npmjs.org/d3-shape/-/d3-shape-3.2.0.tgz 0ms (cache hit)
164 http cache d3-scale@https://registry.npmjs.org/d3-scale/-/d3-scale-4.0.2.tgz 0ms (cache hit)
165 http cache d3-time-format@https://registry.npmjs.org/d3-time-format/-/d3-time-format-4.1.0.tgz 0ms (cache hit)
166 http cache d3-path@https://registry.npmjs.org/d3-path/-/d3-path-3.1.0.tgz 0ms (cache hit)
167 http cache d3-format@https://registry.npmjs.org/d3-format/-/d3-format-3.1.2.tgz 0ms (cache hit)
168 http cache d3-ease@https://registry.npmjs.org/d3-ease/-/d3-ease-3.0.1.tgz 0ms (cache hit)
169 http cache d3-interpolate@https://registry.npmjs.org/d3-interpolate/-/d3-interpolate-3.0.1.tgz 0ms (cache hit)
170 http cache d3-color@https://registry.npmjs.org/d3-color/-/d3-color-3.1.0.tgz 0ms (cache hit)
171 http cache immer@https://registry.npmjs.org/immer/-/immer-10.2.0.tgz 0ms (cache hit)
172 http cache d3-array@https://registry.npmjs.org/d3-array/-/d3-array-3.2.4.tgz 0ms (cache hit)
173 http cache @types/d3-timer@https://registry.npmjs.org/@types/d3-timer/-/d3-timer-3.0.2.tgz 0ms (cache hit)
174 http cache @types/d3-time@https://registry.npmjs.org/@types/d3-time/-/d3-time-3.0.4.tgz 0ms (cache hit)
175 http cache clsx@https://registry.npmjs.org/clsx/-/clsx-2.1.1.tgz 0ms (cache hit)
176 http cache @types/use-sync-external-store@https://registry.npmjs.org/@types/use-sync-external-store/-/use-sync-external-store-0.0.6.tgz 0ms (cache hit)
177 http cache @types/d3-scale@https://registry.npmjs.org/@types/d3-scale/-/d3-scale-4.0.9.tgz 0ms (cache hit)
178 http cache @types/d3-ease@https://registry.npmjs.org/@types/d3-ease/-/d3-ease-3.0.2.tgz 0ms (cache hit)
179 http cache @types/d3-color@https://registry.npmjs.org/@types/d3-color/-/d3-color-3.1.3.tgz 0ms (cache hit)
180 http cache @types/d3-shape@https://registry.npmjs.org/@types/d3-shape/-/d3-shape-3.1.8.tgz 0ms (cache hit)
181 http cache @standard-schema/utils@https://registry.npmjs.org/@standard-schema/utils/-/utils-0.3.0.tgz 0ms (cache hit)
182 http cache @reduxjs/toolkit@https://registry.npmjs.org/@reduxjs/toolkit/-/toolkit-2.11.2.tgz 0ms (cache hit)
183 http cache victory-vendor@https://registry.npmjs.org/victory-vendor/-/victory-vendor-37.3.6.tgz 0ms (cache hit)
184 http cache @standard-schema/spec@https://registry.npmjs.org/@standard-schema/spec/-/spec-1.1.0.tgz 0ms (cache hit)
185 http cache @types/d3-path@https://registry.npmjs.org/@types/d3-path/-/d3-path-3.1.1.tgz 0ms (cache hit)
186 silly tarball no local data for use-sync-external-store@https://registry.npmjs.org/use-sync-external-store/-/use-sync-external-store-1.6.0.tgz. Extracting by manifest.
187 silly tarball no local data for tiny-invariant@https://registry.npmjs.org/tiny-invariant/-/tiny-invariant-1.3.3.tgz. Extracting by manifest.
188 silly tarball no local data for reselect@https://registry.npmjs.org/reselect/-/reselect-5.1.1.tgz. Extracting by manifest.
189 silly tarball no local data for redux-thunk@https://registry.npmjs.org/redux-thunk/-/redux-thunk-3.1.0.tgz. Extracting by manifest.
190 silly tarball no local data for redux@https://registry.npmjs.org/redux/-/redux-5.0.1.tgz. Extracting by manifest.
191 silly tarball no local data for recharts@https://registry.npmjs.org/recharts/-/recharts-3.6.0.tgz. Extracting by manifest.
192 silly tarball no local data for internmap@https://registry.npmjs.org/internmap/-/internmap-2.0.3.tgz. Extracting by manifest.
193 silly tarball no local data for eventemitter3@https://registry.npmjs.org/eventemitter3/-/eventemitter3-5.0.4.tgz. Extracting by manifest.
194 silly tarball no local data for es-toolkit@https://registry.npmjs.org/es-toolkit/-/es-toolkit-1.44.0.tgz. Extracting by manifest.
195 silly tarball no local data for decimal.js-light@https://registry.npmjs.org/decimal.js-light/-/decimal.js-light-2.5.1.tgz. Extracting by manifest.
196 silly tarball no local data for react-redux@https://registry.npmjs.org/react-redux/-/react-redux-9.2.0.tgz. Extracting by manifest.
197 silly tarball no local data for d3-timer@https://registry.npmjs.org/d3-timer/-/d3-timer-3.0.1.tgz. Extracting by manifest.
198 silly tarball no local data for d3-time@https://registry.npmjs.org/d3-time/-/d3-time-3.1.0.tgz. Extracting by manifest.
199 silly tarball no local data for d3-shape@https://registry.npmjs.org/d3-shape/-/d3-shape-3.2.0.tgz. Extracting by manifest.
200 silly tarball no local data for d3-scale@https://registry.npmjs.org/d3-scale/-/d3-scale-4.0.2.tgz. Extracting by manifest.
201 silly tarball no local data for d3-time-format@https://registry.npmjs.org/d3-time-format/-/d3-time-format-4.1.0.tgz. Extracting by manifest.
202 silly tarball no local data for d3-path@https://registry.npmjs.org/d3-path/-/d3-path-3.1.0.tgz. Extracting by manifest.
203 silly tarball no local data for d3-format@https://registry.npmjs.org/d3-format/-/d3-format-3.1.2.tgz. Extracting by manifest.
204 silly tarball no local data for d3-ease@https://registry.npmjs.org/d3-ease/-/d3-ease-3.0.1.tgz. Extracting by manifest.
205 silly tarball no local data for d3-interpolate@https://registry.npmjs.org/d3-interpolate/-/d3-interpolate-3.0.1.tgz. Extracting by manifest.
206 silly tarball no local data for d3-color@https://registry.npmjs.org/d3-color/-/d3-color-3.1.0.tgz. Extracting by manifest.
207 http cache immer@https://registry.npmjs.org/immer/-/immer-11.1.3.tgz 0ms (cache hit)
208 http cache @types/d3-interpolate@https://registry.npmjs.org/@types/d3-interpolate/-/d3-interpolate-3.0.4.tgz 0ms (cache hit)
209 silly tarball no local data for immer@https://registry.npmjs.org/immer/-/immer-10.2.0.tgz. Extracting by manifest.
210 silly tarball no local data for d3-array@https://registry.npmjs.org/d3-array/-/d3-array-3.2.4.tgz. Extracting by manifest.
211 silly tarball no local data for @types/d3-timer@https://registry.npmjs.org/@types/d3-timer/-/d3-timer-3.0.2.tgz. Extracting by manifest.
212 silly tarball no local data for @types/d3-time@https://registry.npmjs.org/@types/d3-time/-/d3-time-3.0.4.tgz. Extracting by manifest.
213 silly tarball no local data for clsx@https://registry.npmjs.org/clsx/-/clsx-2.1.1.tgz. Extracting by manifest.
214 silly tarball no local data for @types/use-sync-external-store@https://registry.npmjs.org/@types/use-sync-external-store/-/use-sync-external-store-0.0.6.tgz. Extracting by manifest.
215 silly tarball no local data for @types/d3-scale@https://registry.npmjs.org/@types/d3-scale/-/d3-scale-4.0.9.tgz. Extracting by manifest.
216 silly tarball no local data for @types/d3-ease@https://registry.npmjs.org/@types/d3-ease/-/d3-ease-3.0.2.tgz. Extracting by manifest.
217 silly tarball no local data for @types/d3-color@https://registry.npmjs.org/@types/d3-color/-/d3-color-3.1.3.tgz. Extracting by manifest.
218 silly tarball no local data for @types/d3-shape@https://registry.npmjs.org/@types/d3-shape/-/d3-shape-3.1.8.tgz. Extracting by manifest.
219 silly tarball no local data for @standard-schema/utils@https://registry.npmjs.org/@standard-schema/utils/-/utils-0.3.0.tgz. Extracting by manifest.
220 silly tarball no local data for @reduxjs/toolkit@https://registry.npmjs.org/@reduxjs/toolkit/-/toolkit-2.11.2.tgz. Extracting by manifest.
221 silly tarball no local data for victory-vendor@https://registry.npmjs.org/victory-vendor/-/victory-vendor-37.3.6.tgz. Extracting by manifest.
222 silly tarball no local data for @standard-schema/spec@https://registry.npmjs.org/@standard-schema/spec/-/spec-1.1.0.tgz. Extracting by manifest.
223 silly tarball no local data for @types/d3-path@https://registry.npmjs.org/@types/d3-path/-/d3-path-3.1.1.tgz. Extracting by manifest.
224 silly tarball no local data for immer@https://registry.npmjs.org/immer/-/immer-11.1.3.tgz. Extracting by manifest.
225 silly tarball no local data for @types/d3-interpolate@https://registry.npmjs.org/@types/d3-interpolate/-/d3-interpolate-3.0.4.tgz. Extracting by manifest.
226 http fetch GET 200 https://registry.npmjs.org/d3-timer/-/d3-timer-3.0.1.tgz 137ms (cache miss)
227 http fetch GET 200 https://registry.npmjs.org/tiny-invariant/-/tiny-invariant-1.3.3.tgz 141ms (cache miss)
228 http fetch GET 200 https://registry.npmjs.org/internmap/-/internmap-2.0.3.tgz 139ms (cache miss)
229 http fetch POST 200 https://registry.npmjs.org/-/npm/v1/security/advisories/bulk 188ms
230 silly audit report {}
231 http fetch GET 200 https://registry.npmjs.org/use-sync-external-store/-/use-sync-external-store-1.6.0.tgz 151ms (cache miss)
232 http fetch GET 200 https://registry.npmjs.org/redux-thunk/-/redux-thunk-3.1.0.tgz 150ms (cache miss)
233 http fetch GET 200 https://registry.npmjs.org/eventemitter3/-/eventemitter3-5.0.4.tgz 156ms (cache miss)
234 http fetch GET 200 https://registry.npmjs.org/d3-path/-/d3-path-3.1.0.tgz 159ms (cache miss)
235 http fetch GET 200 https://registry.npmjs.org/d3-time/-/d3-time-3.1.0.tgz 164ms (cache miss)
236 http fetch GET 200 https://registry.npmjs.org/@types/d3-timer/-/d3-timer-3.0.2.tgz 167ms (cache miss)
237 http fetch GET 200 https://registry.npmjs.org/@types/d3-time/-/d3-time-3.0.4.tgz 177ms (cache miss)
238 http fetch GET 200 https://registry.npmjs.org/clsx/-/clsx-2.1.1.tgz 180ms (cache miss)
239 http fetch GET 200 https://registry.npmjs.org/decimal.js-light/-/decimal.js-light-2.5.1.tgz 184ms (cache miss)
240 http fetch GET 200 https://registry.npmjs.org/@types/d3-ease/-/d3-ease-3.0.2.tgz 183ms (cache miss)
241 http fetch GET 200 https://registry.npmjs.org/d3-ease/-/d3-ease-3.0.1.tgz 187ms (cache miss)
242 http fetch GET 200 https://registry.npmjs.org/d3-color/-/d3-color-3.1.0.tgz 191ms (cache miss)
243 http fetch GET 200 https://registry.npmjs.org/@types/d3-scale/-/d3-scale-4.0.9.tgz 196ms (cache miss)
244 http fetch GET 200 https://registry.npmjs.org/@types/use-sync-external-store/-/use-sync-external-store-0.0.6.tgz 199ms (cache miss)
245 http fetch GET 200 https://registry.npmjs.org/@types/d3-color/-/d3-color-3.1.3.tgz 201ms (cache miss)
246 http fetch GET 200 https://registry.npmjs.org/d3-scale/-/d3-scale-4.0.2.tgz 213ms (cache miss)
247 http fetch GET 200 https://registry.npmjs.org/d3-interpolate/-/d3-interpolate-3.0.1.tgz 213ms (cache miss)
248 http fetch GET 200 https://registry.npmjs.org/d3-time-format/-/d3-time-format-4.1.0.tgz 217ms (cache miss)
249 http fetch GET 200 https://registry.npmjs.org/@types/d3-interpolate/-/d3-interpolate-3.0.4.tgz 204ms (cache miss)
250 http fetch GET 200 https://registry.npmjs.org/@standard-schema/utils/-/utils-0.3.0.tgz 222ms (cache miss)
251 http fetch GET 200 https://registry.npmjs.org/@types/d3-path/-/d3-path-3.1.1.tgz 222ms (cache miss)
252 http fetch GET 200 https://registry.npmjs.org/redux/-/redux-5.0.1.tgz 235ms (cache miss)
253 http fetch GET 200 https://registry.npmjs.org/@types/d3-shape/-/d3-shape-3.1.8.tgz 232ms (cache miss)
254 http fetch GET 200 https://registry.npmjs.org/@standard-schema/spec/-/spec-1.1.0.tgz 233ms (cache miss)
255 http fetch GET 200 https://registry.npmjs.org/d3-shape/-/d3-shape-3.2.0.tgz 245ms (cache miss)
256 http fetch GET 200 https://registry.npmjs.org/d3-format/-/d3-format-3.1.2.tgz 245ms (cache miss)
257 http fetch GET 200 https://registry.npmjs.org/reselect/-/reselect-5.1.1.tgz 251ms (cache miss)
258 http fetch GET 200 https://registry.npmjs.org/d3-array/-/d3-array-3.2.4.tgz 251ms (cache miss)
259 http fetch GET 200 https://registry.npmjs.org/immer/-/immer-10.2.0.tgz 256ms (cache miss)
260 http fetch GET 200 https://registry.npmjs.org/react-redux/-/react-redux-9.2.0.tgz 264ms (cache miss)
261 http fetch GET 200 https://registry.npmjs.org/immer/-/immer-11.1.3.tgz 260ms (cache miss)
262 http fetch GET 200 https://registry.npmjs.org/victory-vendor/-/victory-vendor-37.3.6.tgz 336ms (cache miss)
263 http fetch GET 200 https://registry.npmjs.org/@reduxjs/toolkit/-/toolkit-2.11.2.tgz 424ms (cache miss)
264 http fetch GET 200 https://registry.npmjs.org/recharts/-/recharts-3.6.0.tgz 530ms (cache miss)
265 http fetch GET 200 https://registry.npmjs.org/es-toolkit/-/es-toolkit-1.44.0.tgz 682ms (cache miss)
266 silly ADD node_modules/use-sync-external-store
267 silly ADD node_modules/tiny-invariant
268 silly ADD node_modules/reselect
269 silly ADD node_modules/redux-thunk
270 silly ADD node_modules/redux
271 silly ADD node_modules/recharts
272 silly ADD node_modules/react-redux
273 silly ADD node_modules/lightningcss-win32-x64-msvc
274 silly ADD node_modules/lightningcss-win32-arm64-msvc
275 silly ADD node_modules/lightningcss-linux-x64-musl
276 silly ADD node_modules/lightningcss-linux-x64-gnu
277 silly ADD node_modules/lightningcss-linux-arm64-musl
278 silly ADD node_modules/lightningcss-linux-arm64-gnu
279 silly ADD node_modules/lightningcss-linux-arm-gnueabihf
280 silly ADD node_modules/lightningcss-freebsd-x64
281 silly ADD node_modules/lightningcss-darwin-x64
282 silly ADD node_modules/lightningcss-android-arm64
283 silly ADD node_modules/internmap
284 silly ADD node_modules/immer
285 silly ADD node_modules/eventemitter3
286 silly ADD node_modules/es-toolkit
287 silly ADD node_modules/decimal.js-light
288 silly ADD node_modules/d3-timer
289 silly ADD node_modules/d3-time-format
290 silly ADD node_modules/d3-time
291 silly ADD node_modules/d3-shape
292 silly ADD node_modules/d3-scale
293 silly ADD node_modules/d3-path
294 silly ADD node_modules/d3-interpolate
295 silly ADD node_modules/d3-format
296 silly ADD node_modules/d3-ease
297 silly ADD node_modules/d3-color
298 silly ADD node_modules/d3-array
299 silly ADD node_modules/clsx
300 silly ADD node_modules/@unrs/resolver-binding-win32-x64-msvc
301 silly ADD node_modules/@unrs/resolver-binding-win32-ia32-msvc
302 silly ADD node_modules/@unrs/resolver-binding-win32-arm64-msvc
303 silly ADD node_modules/@unrs/resolver-binding-wasm32-wasi
304 silly ADD node_modules/@unrs/resolver-binding-linux-x64-musl
305 silly ADD node_modules/@unrs/resolver-binding-linux-x64-gnu
306 silly ADD node_modules/@unrs/resolver-binding-linux-s390x-gnu
307 silly ADD node_modules/@unrs/resolver-binding-linux-riscv64-musl
308 silly ADD node_modules/@unrs/resolver-binding-linux-riscv64-gnu
309 silly ADD node_modules/@unrs/resolver-binding-linux-ppc64-gnu
310 silly ADD node_modules/@unrs/resolver-binding-linux-arm64-musl
311 silly ADD node_modules/@unrs/resolver-binding-linux-arm64-gnu
312 silly ADD node_modules/@unrs/resolver-binding-linux-arm-musleabihf
313 silly ADD node_modules/@unrs/resolver-binding-linux-arm-gnueabihf
314 silly ADD node_modules/@unrs/resolver-binding-freebsd-x64
315 silly ADD node_modules/@unrs/resolver-binding-darwin-x64
316 silly ADD node_modules/@unrs/resolver-binding-android-arm64
317 silly ADD node_modules/@unrs/resolver-binding-android-arm-eabi
318 silly ADD node_modules/@types/use-sync-external-store
319 silly ADD node_modules/@types/d3-timer
320 silly ADD node_modules/@types/d3-time
321 silly ADD node_modules/@types/d3-shape
322 silly ADD node_modules/@types/d3-scale
323 silly ADD node_modules/@types/d3-path
324 silly ADD node_modules/@types/d3-interpolate
325 silly ADD node_modules/@types/d3-ease
326 silly ADD node_modules/@types/d3-color
327 silly ADD node_modules/@tailwindcss/oxide-win32-x64-msvc
328 silly ADD node_modules/@tailwindcss/oxide-win32-arm64-msvc
329 silly ADD node_modules/@tailwindcss/oxide-wasm32-wasi
330 silly ADD node_modules/@tailwindcss/oxide-linux-x64-musl
331 silly ADD node_modules/@tailwindcss/oxide-linux-x64-gnu
332 silly ADD node_modules/@tailwindcss/oxide-linux-arm64-musl
333 silly ADD node_modules/@tailwindcss/oxide-linux-arm64-gnu
334 silly ADD node_modules/@tailwindcss/oxide-linux-arm-gnueabihf
335 silly ADD node_modules/@tailwindcss/oxide-freebsd-x64
336 silly ADD node_modules/@tailwindcss/oxide-darwin-x64
337 silly ADD node_modules/@tailwindcss/oxide-android-arm64
338 silly ADD node_modules/@standard-schema/utils
339 silly ADD node_modules/@standard-schema/spec
340 silly ADD node_modules/@reduxjs/toolkit
341 silly ADD node_modules/@reduxjs/toolkit/node_modules/immer
342 silly ADD node_modules/@next/swc-win32-x64-msvc
343 silly ADD node_modules/@next/swc-win32-arm64-msvc
344 silly ADD node_modules/@next/swc-linux-x64-musl
345 silly ADD node_modules/@next/swc-linux-x64-gnu
346 silly ADD node_modules/@next/swc-linux-arm64-musl
347 silly ADD node_modules/@next/swc-linux-arm64-gnu
348 silly ADD node_modules/@next/swc-darwin-x64
349 silly ADD node_modules/@img/sharp-win32-x64
350 silly ADD node_modules/@img/sharp-win32-ia32
351 silly ADD node_modules/@img/sharp-win32-arm64
352 silly ADD node_modules/@img/sharp-wasm32
353 silly ADD node_modules/@img/sharp-linuxmusl-x64
354 silly ADD node_modules/@img/sharp-linuxmusl-arm64
355 silly ADD node_modules/@img/sharp-linux-x64
356 silly ADD node_modules/@img/sharp-linux-s390x
357 silly ADD node_modules/@img/sharp-linux-ppc64
358 silly ADD node_modules/@img/sharp-linux-arm64
359 silly ADD node_modules/@img/sharp-linux-arm
360 silly ADD node_modules/@img/sharp-libvips-linuxmusl-x64
361 silly ADD node_modules/@img/sharp-libvips-linuxmusl-arm64
362 silly ADD node_modules/@img/sharp-libvips-linux-x64
363 silly ADD node_modules/@img/sharp-libvips-linux-s390x
364 silly ADD node_modules/@img/sharp-libvips-linux-ppc64
365 silly ADD node_modules/@img/sharp-libvips-linux-arm64
366 silly ADD node_modules/@img/sharp-libvips-linux-arm
367 silly ADD node_modules/@img/sharp-libvips-darwin-x64
368 silly ADD node_modules/@img/sharp-darwin-x64
369 silly CHANGE node_modules/victory-vendor
370 verbose cwd /Users/gabrielle/workspace/vehndr-app/vehndr
371 verbose os Darwin 24.6.0
372 verbose node v24.8.0
373 verbose npm  v11.6.0
374 verbose exit 0
375 info ok
