0 verbose cli /opt/homebrew/Cellar/node/24.8.0/bin/node /opt/homebrew/bin/npm
1 info using npm@11.6.0
2 info using node@v24.8.0
3 silly config load:file:/opt/homebrew/lib/node_modules/npm/npmrc
4 silly config load:file:/Users/gabrielle/workspace/vehndr-app/vehndr/.npmrc
5 silly config load:file:/Users/gabrielle/.npmrc
6 silly config load:file:/opt/homebrew/etc/npmrc
7 verbose title npm install @dnd-kit/core @dnd-kit/sortable @dnd-kit/utilities
8 verbose argv "install" "--cache" ".npm-cache" "@dnd-kit/core" "@dnd-kit/sortable" "@dnd-kit/utilities"
9 verbose logfile logs-max:10 dir:/Users/gabrielle/workspace/vehndr-app/vehndr/.npm-cache/_logs/2026-01-26T02_22_38_598Z-
10 verbose logfile /Users/gabrielle/workspace/vehndr-app/vehndr/.npm-cache/_logs/2026-01-26T02_22_38_598Z-debug-0.log
11 silly logfile done cleaning log files
12 silly packumentCache heap:2348810240 maxSize:587202560 maxEntrySize:293601280
13 silly idealTree buildDeps
14 silly fetch manifest @dnd-kit/core@*
15 silly packumentCache full:https://registry.npmjs.org/@dnd-kit%2fcore cache-miss
16 http fetch GET 200 https://registry.npmjs.org/@dnd-kit%2fcore 163ms (cache miss)
17 silly packumentCache full:https://registry.npmjs.org/@dnd-kit%2fcore set size:undefined disposed:false
18 silly fetch manifest react@19.1.0
19 silly packumentCache full:https://registry.npmjs.org/react cache-miss
20 http fetch GET 200 https://registry.npmjs.org/react 112ms (cache miss)
21 silly packumentCache full:https://registry.npmjs.org/react set size:undefined disposed:false
22 silly fetch manifest react-dom@19.1.0
23 silly packumentCache full:https://registry.npmjs.org/react-dom cache-miss
24 http fetch GET 200 https://registry.npmjs.org/react-dom 121ms (cache miss)
25 silly packumentCache full:https://registry.npmjs.org/react-dom set size:undefined disposed:false
26 silly fetch manifest @dnd-kit/sortable@*
27 silly packumentCache full:https://registry.npmjs.org/@dnd-kit%2fsortable cache-miss
28 http fetch GET 200 https://registry.npmjs.org/@dnd-kit%2fsortable 57ms (cache miss)
29 silly packumentCache full:https://registry.npmjs.org/@dnd-kit%2fsortable set size:undefined disposed:false
30 silly fetch manifest @dnd-kit/utilities@*
31 silly packumentCache full:https://registry.npmjs.org/@dnd-kit%2futilities cache-miss
32 http fetch GET 200 https://registry.npmjs.org/@dnd-kit%2futilities 61ms (cache miss)
33 silly packumentCache full:https://registry.npmjs.org/@dnd-kit%2futilities set size:undefined disposed:false
34 silly placeDep ROOT @dnd-kit/core@6.3.1 OK for: vehndr@0.1.0 want: *
35 silly placeDep ROOT @dnd-kit/sortable@10.0.0 OK for: vehndr@0.1.0 want: *
36 silly placeDep ROOT @dnd-kit/utilities@3.2.2 OK for: vehndr@0.1.0 want: *
37 silly fetch manifest @dnd-kit/accessibility@^3.1.1
38 silly packumentCache full:https://registry.npmjs.org/@dnd-kit%2faccessibility cache-miss
39 silly fetch manifest @dnd-kit/utilities@^3.2.2
40 silly packumentCache full:https://registry.npmjs.org/@dnd-kit%2futilities cache-miss
41 silly fetch manifest @dnd-kit/utilities@^3.2.2
42 silly packumentCache full:https://registry.npmjs.org/@dnd-kit%2futilities cache-miss
43 http cache https://registry.npmjs.org/@dnd-kit%2futilities 5ms (cache hit)
44 silly packumentCache full:https://registry.npmjs.org/@dnd-kit%2futilities set size:247103 disposed:false
45 http cache https://registry.npmjs.org/@dnd-kit%2futilities 7ms (cache hit)
46 silly packumentCache full:https://registry.npmjs.org/@dnd-kit%2futilities set size:247103 disposed:false
47 silly packumentCache full:https://registry.npmjs.org/@dnd-kit%2futilities dispose
48 http fetch GET 200 https://registry.npmjs.org/@dnd-kit%2faccessibility 44ms (cache miss)
49 silly packumentCache full:https://registry.npmjs.org/@dnd-kit%2faccessibility set size:undefined disposed:false
50 silly fetch manifest react@>=16.8.0
51 silly packumentCache full:https://registry.npmjs.org/react cache-miss
52 http cache https://registry.npmjs.org/react 9ms (cache hit)
53 silly packumentCache full:https://registry.npmjs.org/react set size:6410034 disposed:false
54 silly placeDep ROOT @dnd-kit/accessibility@3.1.1 OK for: @dnd-kit/core@6.3.1 want: ^3.1.1
55 silly reify moves {}
56 silly audit bulk request {
56 silly audit   '@alloc/quick-lru': [ '5.2.0' ],
56 silly audit   '@emnapi/core': [ '1.5.0' ],
56 silly audit   '@emnapi/runtime': [ '1.5.0' ],
56 silly audit   '@emnapi/wasi-threads': [ '1.1.0' ],
56 silly audit   '@eslint-community/eslint-utils': [ '4.9.0' ],
56 silly audit   'eslint-visitor-keys': [ '3.4.3', '4.2.1' ],
56 silly audit   '@eslint-community/regexpp': [ '4.12.1' ],
56 silly audit   '@eslint/config-array': [ '0.21.1' ],
56 silly audit   '@eslint/config-helpers': [ '0.4.1' ],
56 silly audit   '@eslint/core': [ '0.16.0' ],
56 silly audit   '@eslint/eslintrc': [ '3.3.1' ],
56 silly audit   '@eslint/js': [ '9.38.0' ],
56 silly audit   '@eslint/object-schema': [ '2.1.7' ],
56 silly audit   '@eslint/plugin-kit': [ '0.4.0' ],
56 silly audit   '@humanfs/core': [ '0.19.1' ],
56 silly audit   '@humanfs/node': [ '0.16.7' ],
56 silly audit   '@humanwhocodes/module-importer': [ '1.0.1' ],
56 silly audit   '@humanwhocodes/retry': [ '0.4.3' ],
56 silly audit   '@img/colour': [ '1.0.0' ],
56 silly audit   '@img/sharp-darwin-arm64': [ '0.34.4' ],
56 silly audit   '@img/sharp-darwin-x64': [ '0.34.4' ],
56 silly audit   '@img/sharp-libvips-darwin-arm64': [ '1.2.3' ],
56 silly audit   '@img/sharp-libvips-darwin-x64': [ '1.2.3' ],
56 silly audit   '@img/sharp-libvips-linux-arm': [ '1.2.3' ],
56 silly audit   '@img/sharp-libvips-linux-arm64': [ '1.2.3' ],
56 silly audit   '@img/sharp-libvips-linux-ppc64': [ '1.2.3' ],
56 silly audit   '@img/sharp-libvips-linux-s390x': [ '1.2.3' ],
56 silly audit   '@img/sharp-libvips-linux-x64': [ '1.2.3' ],
56 silly audit   '@img/sharp-libvips-linuxmusl-arm64': [ '1.2.3' ],
56 silly audit   '@img/sharp-libvips-linuxmusl-x64': [ '1.2.3' ],
56 silly audit   '@img/sharp-linux-arm': [ '0.34.4' ],
56 silly audit   '@img/sharp-linux-arm64': [ '0.34.4' ],
56 silly audit   '@img/sharp-linux-ppc64': [ '0.34.4' ],
56 silly audit   '@img/sharp-linux-s390x': [ '0.34.4' ],
56 silly audit   '@img/sharp-linux-x64': [ '0.34.4' ],
56 silly audit   '@img/sharp-linuxmusl-arm64': [ '0.34.4' ],
56 silly audit   '@img/sharp-linuxmusl-x64': [ '0.34.4' ],
56 silly audit   '@img/sharp-wasm32': [ '0.34.4' ],
56 silly audit   '@img/sharp-win32-arm64': [ '0.34.4' ],
56 silly audit   '@img/sharp-win32-ia32': [ '0.34.4' ],
56 silly audit   '@img/sharp-win32-x64': [ '0.34.4' ],
56 silly audit   '@jridgewell/gen-mapping': [ '0.3.13' ],
56 silly audit   '@jridgewell/remapping': [ '2.3.5' ],
56 silly audit   '@jridgewell/resolve-uri': [ '3.1.2' ],
56 silly audit   '@jridgewell/sourcemap-codec': [ '1.5.5' ],
56 silly audit   '@jridgewell/trace-mapping': [ '0.3.31' ],
56 silly audit   '@napi-rs/wasm-runtime': [ '0.2.12' ],
56 silly audit   '@next/env': [ '16.1.1' ],
56 silly audit   '@next/eslint-plugin-next': [ '15.5.6' ],
56 silly audit   '@next/swc-darwin-arm64': [ '16.1.1' ],
56 silly audit   '@next/swc-darwin-x64': [ '16.1.1' ],
56 silly audit   '@next/swc-linux-arm64-gnu': [ '16.1.1' ],
56 silly audit   '@next/swc-linux-arm64-musl': [ '16.1.1' ],
56 silly audit   '@next/swc-linux-x64-gnu': [ '16.1.1' ],
56 silly audit   '@next/swc-linux-x64-musl': [ '16.1.1' ],
56 silly audit   '@next/swc-win32-arm64-msvc': [ '16.1.1' ],
56 silly audit   '@next/swc-win32-x64-msvc': [ '16.1.1' ],
56 silly audit   '@nodelib/fs.scandir': [ '2.1.5' ],
56 silly audit   '@nodelib/fs.stat': [ '2.0.5' ],
56 silly audit   '@nodelib/fs.walk': [ '1.2.8' ],
56 silly audit   '@nolyfill/is-core-module': [ '1.0.39' ],
56 silly audit   '@rails/actioncable': [ '7.2.300' ],
56 silly audit   '@reduxjs/toolkit': [ '2.11.2' ],
56 silly audit   immer: [ '11.1.3', '10.2.0' ],
56 silly audit   '@rtsao/scc': [ '1.1.0' ],
56 silly audit   '@rushstack/eslint-patch': [ '1.14.0' ],
56 silly audit   '@standard-schema/spec': [ '1.1.0' ],
56 silly audit   '@standard-schema/utils': [ '0.3.0' ],
56 silly audit   '@stripe/react-stripe-js': [ '5.4.1' ],
56 silly audit   '@stripe/stripe-js': [ '8.6.0' ],
56 silly audit   '@swc/helpers': [ '0.5.15' ],
56 silly audit   '@tailwindcss/node': [ '4.1.15' ],
56 silly audit   '@tailwindcss/oxide': [ '4.1.15' ],
56 silly audit   '@tailwindcss/oxide-android-arm64': [ '4.1.15' ],
56 silly audit   '@tailwindcss/oxide-darwin-arm64': [ '4.1.15' ],
56 silly audit   '@tailwindcss/oxide-darwin-x64': [ '4.1.15' ],
56 silly audit   '@tailwindcss/oxide-freebsd-x64': [ '4.1.15' ],
56 silly audit   '@tailwindcss/oxide-linux-arm-gnueabihf': [ '4.1.15' ],
56 silly audit   '@tailwindcss/oxide-linux-arm64-gnu': [ '4.1.15' ],
56 silly audit   '@tailwindcss/oxide-linux-arm64-musl': [ '4.1.15' ],
56 silly audit   '@tailwindcss/oxide-linux-x64-gnu': [ '4.1.15' ],
56 silly audit   '@tailwindcss/oxide-linux-x64-musl': [ '4.1.15' ],
56 silly audit   '@tailwindcss/oxide-wasm32-wasi': [ '4.1.15' ],
56 silly audit   '@tailwindcss/oxide-win32-arm64-msvc': [ '4.1.15' ],
56 silly audit   '@tailwindcss/oxide-win32-x64-msvc': [ '4.1.15' ],
56 silly audit   '@tailwindcss/postcss': [ '4.1.15' ],
56 silly audit   '@tybys/wasm-util': [ '0.10.1' ],
56 silly audit   '@types/d3-array': [ '3.2.2' ],
56 silly audit   '@types/d3-color': [ '3.1.3' ],
56 silly audit   '@types/d3-ease': [ '3.0.2' ],
56 silly audit   '@types/d3-interpolate': [ '3.0.4' ],
56 silly audit   '@types/d3-path': [ '3.1.1' ],
56 silly audit   '@types/d3-scale': [ '4.0.9' ],
56 silly audit   '@types/d3-shape': [ '3.1.8' ],
56 silly audit   '@types/d3-time': [ '3.0.4' ],
56 silly audit   '@types/d3-timer': [ '3.0.2' ],
56 silly audit   '@types/estree': [ '1.0.8' ],
56 silly audit   '@types/json-schema': [ '7.0.15' ],
56 silly audit   '@types/json5': [ '0.0.29' ],
56 silly audit   '@types/use-sync-external-store': [ '0.0.6' ],
56 silly audit   '@typescript-eslint/eslint-plugin': [ '8.46.2' ],
56 silly audit   ignore: [ '7.0.5', '5.3.2' ],
56 silly audit   '@typescript-eslint/parser': [ '8.46.2' ],
56 silly audit   '@typescript-eslint/project-service': [ '8.46.2' ],
56 silly audit   '@typescript-eslint/scope-manager': [ '8.46.2' ],
56 silly audit   '@typescript-eslint/tsconfig-utils': [ '8.46.2' ],
56 silly audit   '@typescript-eslint/type-utils': [ '8.46.2' ],
56 silly audit   '@typescript-eslint/types': [ '8.46.2' ],
56 silly audit   '@typescript-eslint/typescript-estree': [ '8.46.2' ],
56 silly audit   'brace-expansion': [ '2.0.2', '1.1.12' ],
56 silly audit   'fast-glob': [ '3.3.3', '3.3.1' ],
56 silly audit   'glob-parent': [ '5.1.2', '6.0.2' ],
56 silly audit   minimatch: [ '9.0.5', '3.1.2' ],
56 silly audit   '@typescript-eslint/utils': [ '8.46.2' ],
56 silly audit   '@typescript-eslint/visitor-keys': [ '8.46.2' ],
56 silly audit   '@unrs/resolver-binding-android-arm-eabi': [ '1.11.1' ],
56 silly audit   '@unrs/resolver-binding-android-arm64': [ '1.11.1' ],
56 silly audit   '@unrs/resolver-binding-darwin-arm64': [ '1.11.1' ],
56 silly audit   '@unrs/resolver-binding-darwin-x64': [ '1.11.1' ],
56 silly audit   '@unrs/resolver-binding-freebsd-x64': [ '1.11.1' ],
56 silly audit   '@unrs/resolver-binding-linux-arm-gnueabihf': [ '1.11.1' ],
56 silly audit   '@unrs/resolver-binding-linux-arm-musleabihf': [ '1.11.1' ],
56 silly audit   '@unrs/resolver-binding-linux-arm64-gnu': [ '1.11.1' ],
56 silly audit   '@unrs/resolver-binding-linux-arm64-musl': [ '1.11.1' ],
56 silly audit   '@unrs/resolver-binding-linux-ppc64-gnu': [ '1.11.1' ],
56 silly audit   '@unrs/resolver-binding-linux-riscv64-gnu': [ '1.11.1' ],
56 silly audit   '@unrs/resolver-binding-linux-riscv64-musl': [ '1.11.1' ],
56 silly audit   '@unrs/resolver-binding-linux-s390x-gnu': [ '1.11.1' ],
56 silly audit   '@unrs/resolver-binding-linux-x64-gnu': [ '1.11.1' ],
56 silly audit   '@unrs/resolver-binding-linux-x64-musl': [ '1.11.1' ],
56 silly audit   '@unrs/resolver-binding-wasm32-wasi': [ '1.11.1' ],
56 silly audit   '@unrs/resolver-binding-win32-arm64-msvc': [ '1.11.1' ],
56 silly audit   '@unrs/resolver-binding-win32-ia32-msvc': [ '1.11.1' ],
56 silly audit   '@unrs/resolver-binding-win32-x64-msvc': [ '1.11.1' ],
56 silly audit   '@vercel/analytics': [ '1.6.1' ],
56 silly audit   acorn: [ '8.15.0' ],
56 silly audit   'acorn-jsx': [ '5.3.2' ],
56 silly audit   ajv: [ '6.12.6' ],
56 silly audit   'ansi-styles': [ '4.3.0' ],
56 silly audit   argparse: [ '2.0.1' ],
56 silly audit   'aria-query': [ '5.3.2' ],
56 silly audit   'array-buffer-byte-length': [ '1.0.2' ],
56 silly audit   'array-includes': [ '3.1.9' ],
56 silly audit   'array.prototype.findlast': [ '1.2.5' ],
56 silly audit   'array.prototype.findlastindex': [ '1.2.6' ],
56 silly audit   'array.prototype.flat': [ '1.3.3' ],
56 silly audit   'array.prototype.flatmap': [ '1.3.3' ],
56 silly audit   'array.prototype.tosorted': [ '1.1.4' ],
56 silly audit   'arraybuffer.prototype.slice': [ '1.0.4' ],
56 silly audit   'ast-types-flow': [ '0.0.8' ],
56 silly audit   'async-function': [ '1.0.0' ],
56 silly audit   'available-typed-arrays': [ '1.0.7' ],
56 silly audit   'axe-core': [ '4.11.0' ],
56 silly audit   'axobject-query': [ '4.1.0' ],
56 silly audit   'balanced-match': [ '1.0.2' ],
56 silly audit   'baseline-browser-mapping': [ '2.9.10' ],
56 silly audit   braces: [ '3.0.3' ],
56 silly audit   'call-bind': [ '1.0.8' ],
56 silly audit   'call-bind-apply-helpers': [ '1.0.2' ],
56 silly audit   'call-bound': [ '1.0.4' ],
56 silly audit   callsites: [ '3.1.0' ],
56 silly audit   'caniuse-lite': [ '1.0.30001751' ],
56 silly audit   chalk: [ '4.1.2' ],
56 silly audit   'client-only': [ '0.0.1' ],
56 silly audit   clsx: [ '2.1.1' ],
56 silly audit   'color-convert': [ '2.0.1' ],
56 silly audit   'color-name': [ '1.1.4' ],
56 silly audit   'concat-map': [ '0.0.1' ],
56 silly audit   'cross-spawn': [ '7.0.6' ],
56 silly audit   'd3-array': [ '3.2.4' ],
56 silly audit   'd3-color': [ '3.1.0' ],
56 silly audit   'd3-ease': [ '3.0.1' ],
56 silly audit   'd3-format': [ '3.1.2' ],
56 silly audit   'd3-interpolate': [ '3.0.1' ],
56 silly audit   'd3-path': [ '3.1.0' ],
56 silly audit   'd3-scale': [ '4.0.2' ],
56 silly audit   'd3-shape': [ '3.2.0' ],
56 silly audit   'd3-time': [ '3.1.0' ],
56 silly audit   'd3-time-format': [ '4.1.0' ],
56 silly audit   'd3-timer': [ '3.0.1' ],
56 silly audit   'damerau-levenshtein': [ '1.0.8' ],
56 silly audit   'data-view-buffer': [ '1.0.2' ],
56 silly audit   'data-view-byte-length': [ '1.0.2' ],
56 silly audit   'data-view-byte-offset': [ '1.0.1' ],
56 silly audit   debug: [ '4.4.3', '3.2.7' ],
56 silly audit   'decimal.js-light': [ '2.5.1' ],
56 silly audit   'deep-is': [ '0.1.4' ],
56 silly audit   'define-data-property': [ '1.1.4' ],
56 silly audit   'define-properties': [ '1.2.1' ],
56 silly audit   'detect-libc': [ '2.1.2' ],
56 silly audit   doctrine: [ '2.1.0' ],
56 silly audit   'dunder-proto': [ '1.0.1' ],
56 silly audit   'emoji-regex': [ '9.2.2' ],
56 silly audit   'enhanced-resolve': [ '5.18.3' ],
56 silly audit   'es-abstract': [ '1.24.0' ],
56 silly audit   'es-define-property': [ '1.0.1' ],
56 silly audit   'es-errors': [ '1.3.0' ],
56 silly audit   'es-iterator-helpers': [ '1.2.1' ],
56 silly audit   'es-object-atoms': [ '1.1.1' ],
56 silly audit   'es-set-tostringtag': [ '2.1.0' ],
56 silly audit   'es-shim-unscopables': [ '1.1.0' ],
56 silly audit   'es-to-primitive': [ '1.3.0' ],
56 silly audit   'es-toolkit': [ '1.44.0' ],
56 silly audit   'escape-string-regexp': [ '4.0.0' ],
56 silly audit   eslint: [ '9.38.0' ],
56 silly audit   'eslint-config-next': [ '15.5.6' ],
56 silly audit   'eslint-import-resolver-node': [ '0.3.9' ],
56 silly audit   'eslint-import-resolver-typescript': [ '3.10.1' ],
56 silly audit   'eslint-module-utils': [ '2.12.1' ],
56 silly audit   'eslint-plugin-import': [ '2.32.0' ],
56 silly audit   semver: [ '6.3.1', '7.7.3' ],
56 silly audit   'eslint-plugin-jsx-a11y': [ '6.10.2' ],
56 silly audit   'eslint-plugin-react': [ '7.37.5' ],
56 silly audit   'eslint-plugin-react-hooks': [ '5.2.0' ],
56 silly audit   resolve: [ '2.0.0-next.5', '1.22.11' ],
56 silly audit   'eslint-scope': [ '8.4.0' ],
56 silly audit   espree: [ '10.4.0' ],
56 silly audit   esquery: [ '1.6.0' ],
56 silly audit   esrecurse: [ '4.3.0' ],
56 silly audit   estraverse: [ '5.3.0' ],
56 silly audit   esutils: [ '2.0.3' ],
56 silly audit   eventemitter3: [ '5.0.4' ],
56 silly audit   'fast-deep-equal': [ '3.1.3' ],
56 silly audit   'fast-json-stable-stringify': [ '2.1.0' ],
56 silly audit   'fast-levenshtein': [ '2.0.6' ],
56 silly audit   fastq: [ '1.19.1' ],
56 silly audit   'file-entry-cache': [ '8.0.0' ],
56 silly audit   'fill-range': [ '7.1.1' ],
56 silly audit   'find-up': [ '5.0.0' ],
56 silly audit   'flat-cache': [ '4.0.1' ],
56 silly audit   flatted: [ '3.3.3' ],
56 silly audit   'for-each': [ '0.3.5' ],
56 silly audit   'function-bind': [ '1.1.2' ],
56 silly audit   'function.prototype.name': [ '1.1.8' ],
56 silly audit   'functions-have-names': [ '1.2.3' ],
56 silly audit   'generator-function': [ '2.0.1' ],
56 silly audit   'get-intrinsic': [ '1.3.0' ],
56 silly audit   'get-proto': [ '1.0.1' ],
56 silly audit   'get-symbol-description': [ '1.1.0' ],
56 silly audit   'get-tsconfig': [ '4.12.0' ],
56 silly audit   globals: [ '14.0.0' ],
56 silly audit   globalthis: [ '1.0.4' ],
56 silly audit   gopd: [ '1.2.0' ],
56 silly audit   'graceful-fs': [ '4.2.11' ],
56 silly audit   graphemer: [ '1.4.0' ],
56 silly audit   'has-bigints': [ '1.1.0' ],
56 silly audit   'has-flag': [ '4.0.0' ],
56 silly audit   'has-property-descriptors': [ '1.0.2' ],
56 silly audit   'has-proto': [ '1.2.0' ],
56 silly audit   'has-symbols': [ '1.1.0' ],
56 silly audit   'has-tostringtag': [ '1.0.2' ],
56 silly audit   hasown: [ '2.0.2' ],
56 silly audit   heic2any: [ '0.0.4' ],
56 silly audit   'hoist-non-react-statics': [ '3.3.2' ],
56 silly audit   'import-fresh': [ '3.3.1' ],
56 silly audit   imurmurhash: [ '0.1.4' ],
56 silly audit   'internal-slot': [ '1.1.0' ],
56 silly audit   internmap: [ '2.0.3' ],
56 silly audit   'is-array-buffer': [ '3.0.5' ],
56 silly audit   'is-async-function': [ '2.1.1' ],
56 silly audit   'is-bigint': [ '1.1.0' ],
56 silly audit   'is-boolean-object': [ '1.2.2' ],
56 silly audit   'is-bun-module': [ '2.0.0' ],
56 silly audit   'is-callable': [ '1.2.7' ],
56 silly audit   'is-core-module': [ '2.16.1' ],
56 silly audit   'is-data-view': [ '1.0.2' ],
56 silly audit   'is-date-object': [ '1.1.0' ],
56 silly audit   'is-extglob': [ '2.1.1' ],
56 silly audit   'is-finalizationregistry': [ '1.1.1' ],
56 silly audit   'is-generator-function': [ '1.1.2' ],
56 silly audit   'is-glob': [ '4.0.3' ],
56 silly audit   'is-map': [ '2.0.3' ],
56 silly audit   'is-negative-zero': [ '2.0.3' ],
56 silly audit   'is-number': [ '7.0.0' ],
56 silly audit   'is-number-object': [ '1.1.1' ],
56 silly audit   'is-regex': [ '1.2.1' ],
56 silly audit   'is-set': [ '2.0.3' ],
56 silly audit   'is-shared-array-buffer': [ '1.0.4' ],
56 silly audit   'is-string': [ '1.1.1' ],
56 silly audit   'is-symbol': [ '1.1.1' ],
56 silly audit   'is-typed-array': [ '1.1.15' ],
56 silly audit   'is-weakmap': [ '2.0.2' ],
56 silly audit   'is-weakref': [ '1.1.1' ],
56 silly audit   'is-weakset': [ '2.0.4' ],
56 silly audit   isarray: [ '2.0.5' ],
56 silly audit   isexe: [ '2.0.0' ],
56 silly audit   'iterator.prototype': [ '1.1.5' ],
56 silly audit   jiti: [ '2.6.1' ],
56 silly audit   'js-tokens': [ '4.0.0' ],
56 silly audit   'js-yaml': [ '4.1.1' ],
56 silly audit   'json-buffer': [ '3.0.1' ],
56 silly audit   'json-schema-traverse': [ '0.4.1' ],
56 silly audit   'json-stable-stringify-without-jsonify': [ '1.0.1' ],
56 silly audit   json5: [ '1.0.2' ],
56 silly audit   'jsx-ast-utils': [ '3.3.5' ],
56 silly audit   keyv: [ '4.5.4' ],
56 silly audit   'language-subtag-registry': [ '0.3.23' ],
56 silly audit   'language-tags': [ '1.0.9' ],
56 silly audit   levn: [ '0.4.1' ],
56 silly audit   lightningcss: [ '1.30.2' ],
56 silly audit   'lightningcss-android-arm64': [ '1.30.2' ],
56 silly audit   'lightningcss-darwin-arm64': [ '1.30.2' ],
56 silly audit   'lightningcss-darwin-x64': [ '1.30.2' ],
56 silly audit   'lightningcss-freebsd-x64': [ '1.30.2' ],
56 silly audit   'lightningcss-linux-arm-gnueabihf': [ '1.30.2' ],
56 silly audit   'lightningcss-linux-arm64-gnu': [ '1.30.2' ],
56 silly audit   'lightningcss-linux-arm64-musl': [ '1.30.2' ],
56 silly audit   'lightningcss-linux-x64-gnu': [ '1.30.2' ],
56 silly audit   'lightningcss-linux-x64-musl': [ '1.30.2' ],
56 silly audit   'lightningcss-win32-arm64-msvc': [ '1.30.2' ],
56 silly audit   'lightningcss-win32-x64-msvc': [ '1.30.2' ],
56 silly audit   'locate-path': [ '6.0.0' ],
56 silly audit   'lodash.merge': [ '4.6.2' ],
56 silly audit   'loose-envify': [ '1.4.0' ],
56 silly audit   'magic-string': [ '0.30.19' ],
56 silly audit   'math-intrinsics': [ '1.1.0' ],
56 silly audit   merge2: [ '1.4.1' ],
56 silly audit   micromatch: [ '4.0.8' ],
56 silly audit   minimist: [ '1.2.8' ],
56 silly audit   ms: [ '2.1.3' ],
56 silly audit   nanoid: [ '3.3.11' ],
56 silly audit   'napi-postinstall': [ '0.3.4' ],
56 silly audit   'natural-compare': [ '1.4.0' ],
56 silly audit   next: [ '16.1.1' ],
56 silly audit   postcss: [ '8.4.31', '8.5.6' ],
56 silly audit   'object-assign': [ '4.1.1' ],
56 silly audit   'object-inspect': [ '1.13.4' ],
56 silly audit   'object-keys': [ '1.1.1' ],
56 silly audit   'object.assign': [ '4.1.7' ],
56 silly audit   'object.entries': [ '1.1.9' ],
56 silly audit   'object.fromentries': [ '2.0.8' ],
56 silly audit   'object.groupby': [ '1.0.3' ],
56 silly audit   'object.values': [ '1.2.1' ],
56 silly audit   optionator: [ '0.9.4' ],
56 silly audit   'own-keys': [ '1.0.1' ],
56 silly audit   'p-limit': [ '3.1.0' ],
56 silly audit   'p-locate': [ '5.0.0' ],
56 silly audit   'parent-module': [ '1.0.1' ],
56 silly audit   'path-exists': [ '4.0.0' ],
56 silly audit   'path-key': [ '3.1.1' ],
56 silly audit   'path-parse': [ '1.0.7' ],
56 silly audit   picocolors: [ '1.1.1' ],
56 silly audit   picomatch: [ '2.3.1', '4.0.3' ],
56 silly audit   'possible-typed-array-names': [ '1.1.0' ],
56 silly audit   'prelude-ls': [ '1.2.1' ],
56 silly audit   'prop-types': [ '15.8.1' ],
56 silly audit   punycode: [ '2.3.1' ],
56 silly audit   'queue-microtask': [ '1.2.3' ],
56 silly audit   react: [ '19.1.0' ],
56 silly audit   'react-async-script': [ '1.2.0' ],
56 silly audit   'react-dom': [ '19.1.0' ],
56 silly audit   'react-google-recaptcha': [ '3.1.0' ],
56 silly audit   'react-is': [ '16.13.1' ],
56 silly audit   'react-redux': [ '9.2.0' ],
56 silly audit   recharts: [ '3.6.0' ],
56 silly audit   redux: [ '5.0.1' ],
56 silly audit   'redux-thunk': [ '3.1.0' ],
56 silly audit   'reflect.getprototypeof': [ '1.0.10' ],
56 silly audit   'regexp.prototype.flags': [ '1.5.4' ],
56 silly audit   reselect: [ '5.1.1' ],
56 silly audit   'resolve-from': [ '4.0.0' ],
56 silly audit   'resolve-pkg-maps': [ '1.0.0' ],
56 silly audit   reusify: [ '1.1.0' ],
56 silly audit   'run-parallel': [ '1.2.0' ],
56 silly audit   'safe-array-concat': [ '1.1.3' ],
56 silly audit   'safe-push-apply': [ '1.0.0' ],
56 silly audit   'safe-regex-test': [ '1.1.0' ],
56 silly audit   scheduler: [ '0.26.0' ],
56 silly audit   'set-function-length': [ '1.2.2' ],
56 silly audit   'set-function-name': [ '2.0.2' ],
56 silly audit   'set-proto': [ '1.0.0' ],
56 silly audit   sharp: [ '0.34.4' ],
56 silly audit   'shebang-command': [ '2.0.0' ],
56 silly audit   'shebang-regex': [ '3.0.0' ],
56 silly audit   'side-channel': [ '1.1.0' ],
56 silly audit   'side-channel-list': [ '1.0.0' ],
56 silly audit   'side-channel-map': [ '1.0.1' ],
56 silly audit   'side-channel-weakmap': [ '1.0.2' ],
56 silly audit   'source-map-js': [ '1.2.1' ],
56 silly audit   'stable-hash': [ '0.0.5' ],
56 silly audit   'stop-iteration-iterator': [ '1.1.0' ],
56 silly audit   'string.prototype.includes': [ '2.0.1' ],
56 silly audit   'string.prototype.matchall': [ '4.0.12' ],
56 silly audit   'string.prototype.repeat': [ '1.0.0' ],
56 silly audit   'string.prototype.trim': [ '1.2.10' ],
56 silly audit   'string.prototype.trimend': [ '1.0.9' ],
56 silly audit   'string.prototype.trimstart': [ '1.0.8' ],
56 silly audit   'strip-bom': [ '3.0.0' ],
56 silly audit   'strip-json-comments': [ '3.1.1' ],
56 silly audit   'styled-jsx': [ '5.1.6' ],
56 silly audit   'supports-color': [ '7.2.0' ],
56 silly audit   'supports-preserve-symlinks-flag': [ '1.0.0' ],
56 silly audit   tailwindcss: [ '4.1.15' ],
56 silly audit   tapable: [ '2.3.0' ],
56 silly audit   'tiny-invariant': [ '1.3.3' ],
56 silly audit   tinyglobby: [ '0.2.15' ],
56 silly audit   fdir: [ '6.5.0' ],
56 silly audit   'to-regex-range': [ '5.0.1' ],
56 silly audit   'ts-api-utils': [ '2.1.0' ],
56 silly audit   'tsconfig-paths': [ '3.15.0' ],
56 silly audit   tslib: [ '2.8.1' ],
56 silly audit   'type-check': [ '0.4.0' ],
56 silly audit   'typed-array-buffer': [ '1.0.3' ],
56 silly audit   'typed-array-byte-length': [ '1.0.3' ],
56 silly audit   'typed-array-byte-offset': [ '1.0.4' ],
56 silly audit   'typed-array-length': [ '1.0.7' ],
56 silly audit   typescript: [ '5.9.3' ],
56 silly audit   'unbox-primitive': [ '1.1.0' ],
56 silly audit   'unrs-resolver': [ '1.11.1' ],
56 silly audit   'uri-js': [ '4.4.1' ],
56 silly audit   'use-sync-external-store': [ '1.6.0' ],
56 silly audit   'victory-vendor': [ '37.3.6' ],
56 silly audit   which: [ '2.0.2' ],
56 silly audit   'which-boxed-primitive': [ '1.1.1' ],
56 silly audit   'which-builtin-type': [ '1.2.1' ],
56 silly audit   'which-collection': [ '1.0.2' ],
56 silly audit   'which-typed-array': [ '1.1.19' ],
56 silly audit   'word-wrap': [ '1.2.5' ],
56 silly audit   'yocto-queue': [ '0.1.0' ],
56 silly audit   '@dnd-kit/core': [ '6.3.1' ],
56 silly audit   '@dnd-kit/sortable': [ '10.0.0' ],
56 silly audit   '@dnd-kit/utilities': [ '3.2.2' ],
56 silly audit   '@dnd-kit/accessibility': [ '3.1.1' ]
56 silly audit }
57 http cache @dnd-kit/utilities@https://registry.npmjs.org/@dnd-kit/utilities/-/utilities-3.2.2.tgz 0ms (cache hit)
58 http cache @dnd-kit/sortable@https://registry.npmjs.org/@dnd-kit/sortable/-/sortable-10.0.0.tgz 0ms (cache hit)
59 http cache @dnd-kit/core@https://registry.npmjs.org/@dnd-kit/core/-/core-6.3.1.tgz 0ms (cache hit)
60 http cache @dnd-kit/accessibility@https://registry.npmjs.org/@dnd-kit/accessibility/-/accessibility-3.1.1.tgz 0ms (cache hit)
61 silly tarball no local data for @dnd-kit/utilities@https://registry.npmjs.org/@dnd-kit/utilities/-/utilities-3.2.2.tgz. Extracting by manifest.
62 silly tarball no local data for @dnd-kit/sortable@https://registry.npmjs.org/@dnd-kit/sortable/-/sortable-10.0.0.tgz. Extracting by manifest.
63 silly tarball no local data for @dnd-kit/core@https://registry.npmjs.org/@dnd-kit/core/-/core-6.3.1.tgz. Extracting by manifest.
64 silly tarball no local data for @dnd-kit/accessibility@https://registry.npmjs.org/@dnd-kit/accessibility/-/accessibility-3.1.1.tgz. Extracting by manifest.
65 http fetch POST 200 https://registry.npmjs.org/-/npm/v1/security/advisories/bulk 85ms
66 silly audit report {}
67 http fetch GET 200 https://registry.npmjs.org/@dnd-kit/accessibility/-/accessibility-3.1.1.tgz 106ms (cache miss)
68 http fetch GET 200 https://registry.npmjs.org/@dnd-kit/utilities/-/utilities-3.2.2.tgz 127ms (cache miss)
69 http fetch GET 200 https://registry.npmjs.org/@dnd-kit/sortable/-/sortable-10.0.0.tgz 129ms (cache miss)
70 http fetch GET 200 https://registry.npmjs.org/@dnd-kit/core/-/core-6.3.1.tgz 144ms (cache miss)
71 silly ADD node_modules/@dnd-kit/accessibility
72 silly ADD node_modules/@dnd-kit/utilities
73 silly ADD node_modules/@dnd-kit/sortable
74 silly ADD node_modules/@dnd-kit/core
75 verbose cwd /Users/gabrielle/workspace/vehndr-app/vehndr
76 verbose os Darwin 24.6.0
77 verbose node v24.8.0
78 verbose npm  v11.6.0
79 verbose exit 0
80 info ok
